C51 COMPILER V9.54   BUZZER                                                                07/11/2026 07:57:37 PAGE 1   


C51 COMPILER V9.54, COMPILATION OF MODULE BUZZER
OBJECT MODULE PLACED IN .\Objects\buzzer.obj
COMPILER INVOKED BY: C:\Keil_v5\C51\BIN\C51.EXE buzzer.c OPTIMIZE(8,SPEED) BROWSE DEBUG OBJECTEXTEND PRINT(.\Listings\bu
                    -zzer.lst) TABS(2) OBJECT(.\Objects\buzzer.obj)

line level    source

   1          #include <REGX52.H>
   2          #include "intrins.h"
   3          #include "Timer0.h"
   4          #include "Delay1ms.h"
   5          unsigned int i;
   6          
   7          sbit Buzzer=P2^5;
   8          
   9          void Buzzer_Delay500us(void)  //@11.0592MHz
  10          {
  11   1        unsigned char data i;
  12   1      
  13   1        _nop_();
  14   1        i = 227;
  15   1        while (--i);
  16   1      }
  17          
  18          
  19          
  20          void Buzzer_Time(unsigned int ms)
  21          {
  22   1        for(i=0;i<ms*2;i++)
  23   1            {
  24   2              Buzzer=!Buzzer;
  25   2            Buzzer_Delay500us();
  26   2            }
  27   1      }
  28            
  29            


MODULE INFORMATION:   STATIC OVERLAYABLE
   CODE SIZE        =     47    ----
   CONSTANT SIZE    =   ----    ----
   XDATA SIZE       =   ----    ----
   PDATA SIZE       =   ----    ----
   DATA SIZE        =      2    ----
   IDATA SIZE       =   ----    ----
   BIT SIZE         =   ----    ----
END OF MODULE INFORMATION.


C51 COMPILATION COMPLETE.  0 WARNING(S),  0 ERROR(S)
