C51 COMPILER V9.54   DELAY1MS                                                              09/23/2026 22:31:21 PAGE 1   


C51 COMPILER V9.54, COMPILATION OF MODULE DELAY1MS
OBJECT MODULE PLACED IN .\Objects\Delay1ms.obj
COMPILER INVOKED BY: C:\Keil_v5\C51\BIN\C51.EXE Delay1ms.c OPTIMIZE(8,SPEED) BROWSE DEBUG OBJECTEXTEND PRINT(.\Listings\
                    -Delay1ms.lst) TABS(2) OBJECT(.\Objects\Delay1ms.obj)

line level    source

   1          #include <REGX52.H>
   2          #include "intrins.h"
   3          void Delay1ms(unsigned int xms) //@11.0592MHz
   4          {
   5   1        unsigned char data i, j;
   6   1      while (xms)
   7   1      {
   8   2        _nop_();
   9   2        i = 2;
  10   2        j = 199;
  11   2        do
  12   2        {
  13   3          while (--j);
  14   3        } while (--i);
  15   2        xms--;
  16   2      }
  17   1      }


MODULE INFORMATION:   STATIC OVERLAYABLE
   CODE SIZE        =     21    ----
   CONSTANT SIZE    =   ----    ----
   XDATA SIZE       =   ----    ----
   PDATA SIZE       =   ----    ----
   DATA SIZE        =   ----    ----
   IDATA SIZE       =   ----    ----
   BIT SIZE         =   ----    ----
END OF MODULE INFORMATION.


C51 COMPILATION COMPLETE.  0 WARNING(S),  0 ERROR(S)
