C51 COMPILER V9.54   DS1302                                                                09/17/2026 15:33:00 PAGE 1   


C51 COMPILER V9.54, COMPILATION OF MODULE DS1302
OBJECT MODULE PLACED IN .\Objects\DS1302.obj
COMPILER INVOKED BY: C:\Keil_v5\C51\BIN\C51.EXE DS1302.c OPTIMIZE(8,SPEED) BROWSE DEBUG OBJECTEXTEND PRINT(.\Listings\DS
                    -1302.lst) TABS(2) OBJECT(.\Objects\DS1302.obj)

line level    source

   1          #include <REGX52.H>
   2          
   3          //定义管脚
   4          sbit DS1302_SCLK=P3^6;
   5          sbit DS1302_IO=P3^4;
   6          sbit DS1302_CE=P3^5;
   7          
   8          #define DS1302_SECOND   0x80
   9          #define DS1302_MINUTE   0x82
  10          #define DS1302_HOUR     0x84
  11          #define DS1302_DATE     0x86
  12          #define DS1302_MONTH    0x88
  13          #define DS1302_DAY      0x8A
  14          #define DS1302_YEAR     0x8C
  15          #define DS1302_WP       0x8E
  16          
  17          char DS1302_Time[]={26,3,19,14,45,55,4};
  18          
  19          void DS1302_Init(void)
  20          {
  21   1        DS1302_CE=0;
  22   1        DS1302_SCLK=0;
  23   1      }
  24          
  25          
  26          void DS1302_WriteByte(unsigned char Command,Data)
  27          {
  28   1        unsigned char i;
  29   1      DS1302_CE=1;
  30   1      for(i=0;i<8;i++)
  31   1      {
  32   2        DS1302_IO=Command&(0x01<<i);
  33   2        DS1302_SCLK=1;
  34   2        DS1302_SCLK=0;
  35   2      }
  36   1      for(i=0;i<8;i++)
  37   1      {
  38   2        DS1302_IO=Data&(0x01<<i);
  39   2        DS1302_SCLK=1;
  40   2        DS1302_SCLK=0;
  41   2      }
  42   1      DS1302_CE=0;
  43   1      }
  44          
  45          
  46          unsigned char DS1302_ReadByte(unsigned char Command)
  47          {
  48   1        unsigned char i,Data=0x00;
  49   1        Command|=0x01;  //?????????
  50   1        DS1302_CE=1;
  51   1        for(i=0;i<8;i++)
  52   1        {
  53   2          DS1302_IO=Command&(0x01<<i);
  54   2          DS1302_SCLK=0;
C51 COMPILER V9.54   DS1302                                                                09/17/2026 15:33:00 PAGE 2   

  55   2          DS1302_SCLK=1;
  56   2        }
  57   1      //  DS1302_IO=0;
  58   1        for(i=0;i<8;i++)
  59   1        {
  60   2          DS1302_SCLK=1;
  61   2          DS1302_SCLK=0;
  62   2          if(DS1302_IO){Data|=(0x01<<i);}
  63   2        }
  64   1        DS1302_CE=0;
  65   1        DS1302_IO=0;  //????IO???0,??????????
  66   1        return Data;
  67   1      }
  68          void DS1302_SetTime(void)
  69          {
  70   1        DS1302_WriteByte(DS1302_WP,0x00);
  71   1        DS1302_WriteByte(DS1302_YEAR,DS1302_Time[0]/10*16+DS1302_Time[0]%10);
  72   1        DS1302_WriteByte(DS1302_MONTH,DS1302_Time[1]/10*16+DS1302_Time[1]%10);
  73   1        DS1302_WriteByte(DS1302_DATE,DS1302_Time[2]/10*16+DS1302_Time[2]%10);
  74   1        DS1302_WriteByte(DS1302_HOUR,DS1302_Time[3]/10*16+DS1302_Time[3]%10);
  75   1        DS1302_WriteByte(DS1302_MINUTE,DS1302_Time[4]/10*16+DS1302_Time[4]%10);
  76   1        DS1302_WriteByte(DS1302_SECOND,DS1302_Time[5]/10*16+DS1302_Time[5]%10);
  77   1        DS1302_WriteByte(DS1302_DAY,DS1302_Time[6]/10*16+DS1302_Time[6]%10);//显示的星期
  78   1        DS1302_WriteByte(DS1302_WP,0x80);
  79   1      }
  80          void DS1302_ReadTime(void)
  81          {
  82   1        unsigned char Temp;
  83   1        Temp=DS1302_ReadByte(DS1302_YEAR);
  84   1        DS1302_Time[0]=Temp/16*10+Temp%16;
  85   1        Temp=DS1302_ReadByte(DS1302_MONTH);
  86   1        DS1302_Time[1]=Temp/16*10+Temp%16;
  87   1        Temp=DS1302_ReadByte(DS1302_DATE);
  88   1        DS1302_Time[2]=Temp/16*10+Temp%16;
  89   1        Temp=DS1302_ReadByte(DS1302_HOUR);
  90   1        DS1302_Time[3]=Temp/16*10+Temp%16;
  91   1        Temp=DS1302_ReadByte(DS1302_MINUTE);
  92   1        DS1302_Time[4]=Temp/16*10+Temp%16;
  93   1        Temp=DS1302_ReadByte(DS1302_SECOND);
  94   1        DS1302_Time[5]=Temp/16*10+Temp%16;
  95   1        Temp=DS1302_ReadByte(DS1302_DAY);
  96   1        DS1302_Time[6]=Temp/16*10+Temp%16;
  97   1      }
  98          
  99          
 100          
 101          
 102          
 103          
 104          
 105          
 106          
 107          
 108          
 109          
 110          
 111          
 112          
 113          
 114          
 115          
 116          
C51 COMPILER V9.54   DS1302                                                                09/17/2026 15:33:00 PAGE 3   

 117          
 118          
 119          
 120          
 121          
 122          


MODULE INFORMATION:   STATIC OVERLAYABLE
   CODE SIZE        =    694    ----
   CONSTANT SIZE    =   ----    ----
   XDATA SIZE       =   ----    ----
   PDATA SIZE       =   ----    ----
   DATA SIZE        =      7       2
   IDATA SIZE       =   ----    ----
   BIT SIZE         =   ----    ----
END OF MODULE INFORMATION.


C51 COMPILATION COMPLETE.  0 WARNING(S),  0 ERROR(S)
