C51 COMPILER V9.54   KEY                                                                   09/17/2026 15:33:00 PAGE 1   


C51 COMPILER V9.54, COMPILATION OF MODULE KEY
OBJECT MODULE PLACED IN .\Objects\key.obj
COMPILER INVOKED BY: C:\Keil_v5\C51\BIN\C51.EXE key.c OPTIMIZE(8,SPEED) BROWSE DEBUG OBJECTEXTEND PRINT(.\Listings\key.l
                    -st) TABS(2) OBJECT(.\Objects\key.obj)

line level    source

   1          #include <REGX52.H>
   2          #include "intrins.h"
   3          #include "Timer0.h"
   4          #include "Delay1ms.h"
   5          unsigned char Key()
   6          {
   7   1        unsigned char KeyNumber = 0;
   8   1        if(P3_1==0){Delay1ms(20);while(P3_1==0);Delay1ms(20);KeyNumber=1;}
   9   1        if(P3_0==0){Delay1ms(20);while(P3_0==0);Delay1ms(20);KeyNumber=2;}
  10   1        if(P3_2==0){Delay1ms(20);while(P3_2==0);Delay1ms(20);KeyNumber=3;}
  11   1        if(P3_3==0){Delay1ms(20);while(P3_3==0);Delay1ms(20);KeyNumber=4;}
  12   1          return KeyNumber;
  13   1        
  14   1      }


MODULE INFORMATION:   STATIC OVERLAYABLE
   CODE SIZE        =     97    ----
   CONSTANT SIZE    =   ----    ----
   XDATA SIZE       =   ----    ----
   PDATA SIZE       =   ----    ----
   DATA SIZE        =   ----       1
   IDATA SIZE       =   ----    ----
   BIT SIZE         =   ----    ----
END OF MODULE INFORMATION.


C51 COMPILATION COMPLETE.  0 WARNING(S),  0 ERROR(S)
