C51 COMPILER V9.54   MAIN                                                                  09/23/2026 22:31:21 PAGE 1   


C51 COMPILER V9.54, COMPILATION OF MODULE MAIN
OBJECT MODULE PLACED IN .\Objects\main.obj
COMPILER INVOKED BY: C:\Keil_v5\C51\BIN\C51.EXE main.c OPTIMIZE(8,SPEED) BROWSE DEBUG OBJECTEXTEND PRINT(.\Listings\main
                    -.lst) TABS(2) OBJECT(.\Objects\main.obj)

line level    source

   1          #include <REGX52.H>
   2          #include "Timer0.h"
   3          #include "Timer1.h"
   4          #include "DS1302.h"
   5          #include "Delay1ms.h"
   6          #include "Nixie.h"
   7          #include "LCD1602.h"
   8          #include "Key.h"
   9          #include "UART.h"
  10          /*****************************************/
  11          /**
  12            * @brief  简短摘要 定义管脚
  13            * @param  Command 描述参数 无
  14            * @retval 描述返回 低电位亮
  15            */
  16          
  17          sbit redshang = P1^0;
  18          sbit greenshang = P1^1;
  19          sbit yellowshang = P1^2;
  20          sbit redxia = P1^3;
  21          sbit greenxia = P1^4;
  22          sbit yellowxia = P1^5;
  23          sbit redzuo = P1^6;
  24          sbit greenzuo = P1^7;
  25          sbit yellowzuo = P2^0;
  26          sbit redyou = P2^1;
  27          sbit greenyou = P2^2;
  28          sbit yellowyou = P2^3;
  29          sbit Beep=P2^5;
  30          /*****************************************/
  31          int mumu = 0;//mumu==1进入紧急全红状态mumu==0则正常
  32          unsigned char KeyNum=0;//根据按键去改变mumu状态,唯一途径
  33          unsigned char LEDshuzi=1;//显示屏上的红绿灯数字
  34          unsigned char signshuzi=0;//根据此数字转换红绿灯上的状态
  35          unsigned int urgentshuzi=0;
  36          unsigned char about=0;
  37          unsigned int T0BeeP=0;
  38          unsigned char T0BeePflat=0;
  39          //unsigned char i=0;
  40          //unsigned int ll=0;
  41          //unsigned char llp=0;
  42          void main()
  43          {  
  44   1      //  KeyNum=Key();//读取按键数字 
  45   1        signshuzi=0;//初始化  
  46   1        Timer0Init();//初始化 
  47   1        LCD_Init();//这个初始化只能执行一次   
  48   1        while(1)
  49   1        {
  50   2          KeyNum=Key();//读取按键数字 
  51   2            LCD_ShowNum(1,15,LEDshuzi,2);//实时显示红绿灯时间
  52   2          
  53   2        /*****************************************/
  54   2      /**
C51 COMPILER V9.54   MAIN                                                                  09/23/2026 22:31:21 PAGE 2   

  55   2        * @brief 简短摘要 紧急红绿灯
  56   2        * @param  Command 描述参数
  57   2        * @retval 描述返回
  58   2        */
  59   2      
  60   2      //      if(ll>0&&ll<=10)//全红
  61   2      //    {
  62   2      //      redshang=0;
  63   2      //      redxia=0;
  64   2      //      redzuo=0;
  65   2      //      redyou=0;
  66   2      //      greenshang=1;
  67   2      //      greenxia=1;
  68   2      //      greenzuo=1;
  69   2      //      greenyou=1;
  70   2      //      yellowshang=1;
  71   2      //      yellowxia=1;
  72   2      //      yellowzuo=1;
  73   2      //      yellowyou=1;
  74   2      //      LEDshuzi=1;
  75   2      //    }
  76   2          /*****************************************/
  77   2            
  78   2         
  79   2          /*****************************************/
  80   2      /**
  81   2        * @brief 简短摘要 主控红绿灯
  82   2        * @param  Command 描述参数
  83   2        * @retval 描述返回
  84   2        */
  85   2          if(mumu==0)
  86   2          {
  87   3            if(signshuzi<=10)//绿灯
  88   3            {
  89   4            greenzuo=1;
  90   4            greenyou=1;
  91   4            greenshang=0;
  92   4            greenxia=0;
  93   4            redzuo=0;
  94   4            redyou=0;
  95   4            redshang=1;
  96   4            redxia=1;
  97   4            yellowshang=1;
  98   4            yellowxia=1;
  99   4            yellowzuo=1;
 100   4            yellowyou=1;
 101   4            }
 102   3            if(signshuzi>=11&&signshuzi<15)//黄灯
 103   3            {
 104   4            greenshang=1;
 105   4            greenxia=1;
 106   4            greenzuo=1;
 107   4            greenyou=1;
 108   4            yellowshang=0;
 109   4            yellowxia=0;
 110   4            yellowzuo=1;
 111   4            yellowyou=1;
 112   4            redzuo=0;
 113   4            redyou=0;
 114   4            redshang=1;
 115   4            redxia=1;
 116   4            
C51 COMPILER V9.54   MAIN                                                                  09/23/2026 22:31:21 PAGE 3   

 117   4            }
 118   3      if(signshuzi>=15&&signshuzi<27)//红灯
 119   3            {
 120   4            greenshang=1;
 121   4            greenxia=1;
 122   4            greenzuo=0;
 123   4            greenyou=0;
 124   4            yellowshang=1;
 125   4            yellowxia=1;
 126   4            yellowzuo=1;
 127   4            yellowyou=1;
 128   4            redzuo=1;
 129   4            redyou=1;
 130   4            redshang=0;
 131   4            redxia=0;
 132   4      }
 133   3      if(signshuzi>=27&&signshuzi<32)//红灯左黄
 134   3      {
 135   4            greenshang=1;
 136   4            greenxia=1;
 137   4            greenzuo=1;
 138   4            greenyou=1;
 139   4            yellowshang=1;
 140   4            yellowxia=1;
 141   4            yellowzuo=0;
 142   4            yellowyou=0;
 143   4            redzuo=1;
 144   4            redyou=1;
 145   4            redshang=0;
 146   4            redxia=0; 
 147   4             ;
 148   4      }
 149   3      if(signshuzi>32)
 150   3      {
 151   4        signshuzi=0;
 152   4      }
 153   3          }
 154   2          /*****************************************/
 155   2          
 156   2          }
 157   1        
 158   1        }
 159          void Timer0_Routine() interrupt 1
 160          {
 161   1          static unsigned int T0Count;
 162   1      
 163   1          TL0 = 0x66;     
 164   1          TH0 = 0xFC;
 165   1          T0Count++;
 166   1        T0BeeP++;
 167   1        if(T0BeeP>20)
 168   1        {
 169   2          T0BeePflat=~T0BeePflat;
 170   2          T0BeeP=0;
 171   2        }
 172   1      //  beepbin++;
 173   1        if(T0Count>=1000)
 174   1        {
 175   2      //    LEDshuzi++;//显示屏上的红绿灯数字
 176   2      //    signshuzi++;
 177   2        
 178   2          
C51 COMPILER V9.54   MAIN                                                                  09/23/2026 22:31:21 PAGE 4   

 179   2          if(mumu==0&&about==0)
 180   2        {
 181   3          LEDshuzi++;//显示屏上的红绿灯数字
 182   3          signshuzi++;
 183   3        
 184   3          T0Count=0;
 185   3          
 186   3        }
 187   2      T0Count=0;
 188   2        }
 189   1        if(signshuzi==11)
 190   1        {
 191   2          LEDshuzi=1;
 192   2        }
 193   1        if(signshuzi==15)
 194   1        {
 195   2          LEDshuzi=1;
 196   2        }
 197   1        if(signshuzi==27)//红灯左黄
 198   1      {
 199   2           LEDshuzi=1;
 200   2      }
 201   1      if(signshuzi==32)//红灯左黄
 202   1      {
 203   2           LEDshuzi=1;
 204   2      }
 205   1      /*****************************************/
 206   1      /**
 207   1        * @brief  简短摘要 声音中枢
 208   1        * @param  Command 描述参数
 209   1        * @retval 描述返回
 210   1        */
 211   1      
 212   1      
 213   1      
 214   1      
 215   1      /*****************************************/
 216   1      
 217   1        /*****************************************/
 218   1      /**
 219   1        * @brief 简短摘要 循环模块
 220   1        * @param  Command 描述参数
 221   1        * @retval 描述返回
 222   1        */
 223   1      
 224   1        
 225   1        /*****************************************/
 226   1        /*****************************************/
 227   1      /**
 228   1        * @brief  简短摘要 模式转换
 229   1        * @param  Command 描述参数
 230   1        * @retval 描述返回
 231   1        */
 232   1      
 233   1        if(KeyNum==1||mumu==1)
 234   1        {
 235   2          about=1;
 236   2           mumu=1;
 237   2            urgentshuzi++;
 238   2          
 239   2          if(urgentshuzi>=5000)
 240   2          {
C51 COMPILER V9.54   MAIN                                                                  09/23/2026 22:31:21 PAGE 5   

 241   3            
 242   3            urgentshuzi=0;
 243   3            mumu=0;
 244   3            about=0;
 245   3          }
 246   2          if(mumu==1)
 247   2          {
 248   3            greenshang=1;
 249   3            greenxia=1;
 250   3            greenzuo=1;
 251   3            greenyou=1;
 252   3            yellowshang=1;
 253   3            yellowxia=1;
 254   3            yellowzuo=1;
 255   3            yellowyou=1;
 256   3            redzuo=0;
 257   3            redyou=0;
 258   3            redshang=0;
 259   3            redxia=0; 
 260   3            if(T0BeePflat)
 261   3            {
 262   4              Beep=~Beep;
 263   4            }
 264   3          }
 265   2        }
 266   1        
 267   1        /*****************************************/
 268   1        
 269   1      }


MODULE INFORMATION:   STATIC OVERLAYABLE
   CODE SIZE        =    402    ----
   CONSTANT SIZE    =   ----    ----
   XDATA SIZE       =   ----    ----
   PDATA SIZE       =   ----    ----
   DATA SIZE        =     13    ----
   IDATA SIZE       =   ----    ----
   BIT SIZE         =   ----    ----
END OF MODULE INFORMATION.


C51 COMPILATION COMPLETE.  0 WARNING(S),  0 ERROR(S)
