C51 COMPILER V9.54   MAIN                                                                  09/23/2026 22:37:39 PAGE 1   


C51 COMPILER V9.54, COMPILATION OF MODULE MAIN
OBJECT MODULE PLACED IN .\Objects\main.obj
COMPILER INVOKED BY: C:\Keil_v5\C51\BIN\C51.EXE main.c OPTIMIZE(8,SPEED) BROWSE DEBUG OBJECTEXTEND PRINT(.\Listings\main
                    -.lst) TABS(2) OBJECT(.\Objects\main.obj)

line level    source

   1          #include <REGX52.H>
   2          #include "Timer0.h"
   3          #include "Timer1.h"
   4          #include "DS1302.h"
   5          #include "Delay1ms.h"
   6          #include "Nixie.h"
   7          #include "LCD1602.h"
   8          #include "Key.h"
   9          #include "UART.h"
  10          /*****************************************/
  11          /**
  12            * @brief  简短摘要 定义管脚
  13            * @param  Command 描述参数 无
  14            * @retval 描述返回 低电位亮
  15            */
  16          
  17          sbit redshang = P1^0;
  18          sbit greenshang = P1^1;
  19          sbit yellowshang = P1^2;
  20          sbit redxia = P1^3;
  21          sbit greenxia = P1^4;
  22          sbit yellowxia = P1^5;
  23          sbit redzuo = P1^6;
  24          sbit greenzuo = P1^7;
  25          sbit yellowzuo = P2^0;
  26          sbit redyou = P2^1;
  27          sbit greenyou = P2^2;
  28          sbit yellowyou = P2^3;
  29          sbit Beep=P2^5;
  30          /*****************************************/
  31          int mumu = 0;//mumu==1进入紧急全红状态mumu==0则正常
  32          unsigned char KeyNum=0;//根据按键去改变mumu状态,唯一途径
  33          unsigned char LEDshuzi=1;//显示屏上的红绿灯数字
  34          unsigned char signshuzi=0;//根据此数字转换红绿灯上的状态
  35          unsigned int urgentshuzi=0;
  36          unsigned char about=0;
  37          unsigned int T0BeeP=0;
  38          unsigned char T0BeePflat=0;
  39          //unsigned char i=0;
  40          //unsigned int ll=0;
  41          //unsigned char llp=0;
  42          void main()
  43          {  Beep = 0;
  44   1      Delay1ms(500);
  45   1      Beep = 1;
  46   1      Delay1ms(500);
  47   1      //  KeyNum=Key();//读取按键数字 
  48   1        signshuzi=0;//初始化  
  49   1        Timer0Init();//初始化 
  50   1        LCD_Init();//这个初始化只能执行一次   
  51   1        while(1)
  52   1        {
  53   2          KeyNum=Key();//读取按键数字 
  54   2            LCD_ShowNum(1,15,LEDshuzi,2);//实时显示红绿灯时间
C51 COMPILER V9.54   MAIN                                                                  09/23/2026 22:37:39 PAGE 2   

  55   2          
  56   2        /*****************************************/
  57   2      /**
  58   2        * @brief 简短摘要 紧急红绿灯
  59   2        * @param  Command 描述参数
  60   2        * @retval 描述返回
  61   2        */
  62   2      
  63   2      //      if(ll>0&&ll<=10)//全红
  64   2      //    {
  65   2      //      redshang=0;
  66   2      //      redxia=0;
  67   2      //      redzuo=0;
  68   2      //      redyou=0;
  69   2      //      greenshang=1;
  70   2      //      greenxia=1;
  71   2      //      greenzuo=1;
  72   2      //      greenyou=1;
  73   2      //      yellowshang=1;
  74   2      //      yellowxia=1;
  75   2      //      yellowzuo=1;
  76   2      //      yellowyou=1;
  77   2      //      LEDshuzi=1;
  78   2      //    }
  79   2          /*****************************************/
  80   2            
  81   2         
  82   2          /*****************************************/
  83   2      /**
  84   2        * @brief 简短摘要 主控红绿灯
  85   2        * @param  Command 描述参数
  86   2        * @retval 描述返回
  87   2        */
  88   2          if(mumu==0)
  89   2          {
  90   3            if(signshuzi<=10)//绿灯
  91   3            {
  92   4            greenzuo=1;
  93   4            greenyou=1;
  94   4            greenshang=0;
  95   4            greenxia=0;
  96   4            redzuo=0;
  97   4            redyou=0;
  98   4            redshang=1;
  99   4            redxia=1;
 100   4            yellowshang=1;
 101   4            yellowxia=1;
 102   4            yellowzuo=1;
 103   4            yellowyou=1;
 104   4            }
 105   3            if(signshuzi>=11&&signshuzi<15)//黄灯
 106   3            {
 107   4            greenshang=1;
 108   4            greenxia=1;
 109   4            greenzuo=1;
 110   4            greenyou=1;
 111   4            yellowshang=0;
 112   4            yellowxia=0;
 113   4            yellowzuo=1;
 114   4            yellowyou=1;
 115   4            redzuo=0;
 116   4            redyou=0;
C51 COMPILER V9.54   MAIN                                                                  09/23/2026 22:37:39 PAGE 3   

 117   4            redshang=1;
 118   4            redxia=1;
 119   4            
 120   4            }
 121   3      if(signshuzi>=15&&signshuzi<27)//红灯
 122   3            {
 123   4            greenshang=1;
 124   4            greenxia=1;
 125   4            greenzuo=0;
 126   4            greenyou=0;
 127   4            yellowshang=1;
 128   4            yellowxia=1;
 129   4            yellowzuo=1;
 130   4            yellowyou=1;
 131   4            redzuo=1;
 132   4            redyou=1;
 133   4            redshang=0;
 134   4            redxia=0;
 135   4      }
 136   3      if(signshuzi>=27&&signshuzi<32)//红灯左黄
 137   3      {
 138   4            greenshang=1;
 139   4            greenxia=1;
 140   4            greenzuo=1;
 141   4            greenyou=1;
 142   4            yellowshang=1;
 143   4            yellowxia=1;
 144   4            yellowzuo=0;
 145   4            yellowyou=0;
 146   4            redzuo=1;
 147   4            redyou=1;
 148   4            redshang=0;
 149   4            redxia=0; 
 150   4             ;
 151   4      }
 152   3      if(signshuzi>32)
 153   3      {
 154   4        signshuzi=0;
 155   4      }
 156   3          }
 157   2          /*****************************************/
 158   2          
 159   2          }
 160   1        
 161   1        }
 162          void Timer0_Routine() interrupt 1
 163          {
 164   1          static unsigned int T0Count;
 165   1      
 166   1          TL0 = 0x66;     
 167   1          TH0 = 0xFC;
 168   1          T0Count++;
 169   1        T0BeeP++;
 170   1        if(T0BeeP>20)
 171   1        {
 172   2          T0BeePflat=~T0BeePflat;
 173   2          T0BeeP=0;
 174   2        }
 175   1      //  beepbin++;
 176   1        if(T0Count>=1000)
 177   1        {
 178   2      //    LEDshuzi++;//显示屏上的红绿灯数字
C51 COMPILER V9.54   MAIN                                                                  09/23/2026 22:37:39 PAGE 4   

 179   2      //    signshuzi++;
 180   2        
 181   2          
 182   2          if(mumu==0&&about==0)
 183   2        {
 184   3          LEDshuzi++;//显示屏上的红绿灯数字
 185   3          signshuzi++;
 186   3        
 187   3          T0Count=0;
 188   3          
 189   3        }
 190   2      T0Count=0;
 191   2        }
 192   1        if(signshuzi==11)
 193   1        {
 194   2          LEDshuzi=1;
 195   2        }
 196   1        if(signshuzi==15)
 197   1        {
 198   2          LEDshuzi=1;
 199   2        }
 200   1        if(signshuzi==27)//红灯左黄
 201   1      {
 202   2           LEDshuzi=1;
 203   2      }
 204   1      if(signshuzi==32)//红灯左黄
 205   1      {
 206   2           LEDshuzi=1;
 207   2      }
 208   1      /*****************************************/
 209   1      /**
 210   1        * @brief  简短摘要 声音中枢
 211   1        * @param  Command 描述参数
 212   1        * @retval 描述返回
 213   1        */
 214   1      
 215   1      
 216   1      
 217   1      
 218   1      /*****************************************/
 219   1      
 220   1        /*****************************************/
 221   1      /**
 222   1        * @brief 简短摘要 循环模块
 223   1        * @param  Command 描述参数
 224   1        * @retval 描述返回
 225   1        */
 226   1      
 227   1        
 228   1        /*****************************************/
 229   1        /*****************************************/
 230   1      /**
 231   1        * @brief  简短摘要 模式转换
 232   1        * @param  Command 描述参数
 233   1        * @retval 描述返回
 234   1        */
 235   1      
 236   1        if(KeyNum==1||mumu==1)
 237   1        {
 238   2          about=1;
 239   2           mumu=1;
 240   2            urgentshuzi++;
C51 COMPILER V9.54   MAIN                                                                  09/23/2026 22:37:39 PAGE 5   

 241   2          
 242   2          if(urgentshuzi>=5000)
 243   2          {
 244   3            
 245   3            urgentshuzi=0;
 246   3            mumu=0;
 247   3            about=0;
 248   3          }
 249   2          if(mumu==1)
 250   2          {
 251   3            greenshang=1;
 252   3            greenxia=1;
 253   3            greenzuo=1;
 254   3            greenyou=1;
 255   3            yellowshang=1;
 256   3            yellowxia=1;
 257   3            yellowzuo=1;
 258   3            yellowyou=1;
 259   3            redzuo=0;
 260   3            redyou=0;
 261   3            redshang=0;
 262   3            redxia=0; 
 263   3            if(T0BeePflat)
 264   3            {
 265   4              Beep=~Beep;
 266   4            }
 267   3          }
 268   2        }
 269   1        
 270   1        /*****************************************/
 271   1        
 272   1      }


MODULE INFORMATION:   STATIC OVERLAYABLE
   CODE SIZE        =    420    ----
   CONSTANT SIZE    =   ----    ----
   XDATA SIZE       =   ----    ----
   PDATA SIZE       =   ----    ----
   DATA SIZE        =     13    ----
   IDATA SIZE       =   ----    ----
   BIT SIZE         =   ----    ----
END OF MODULE INFORMATION.


C51 COMPILATION COMPLETE.  0 WARNING(S),  0 ERROR(S)
