C51 COMPILER V9.54   NIXIE                                                                 09/23/2026 22:31:22 PAGE 1   


C51 COMPILER V9.54, COMPILATION OF MODULE NIXIE
OBJECT MODULE PLACED IN .\Objects\Nixie.obj
COMPILER INVOKED BY: C:\Keil_v5\C51\BIN\C51.EXE Nixie.c OPTIMIZE(8,SPEED) BROWSE DEBUG OBJECTEXTEND PRINT(.\Listings\Nix
                    -ie.lst) TABS(2) OBJECT(.\Objects\Nixie.obj)

line level    source

   1          #include <REGX52.H>
   2          #include "intrins.h"
   3          #include "Delay1ms.h"
   4          
   5          
   6          unsigned char NixieTable[]={0x3F,0x06,0x5B,0x4F,0x66,0x6D,0x7D,0x07,0x7F,0x6F,0x40,0x80};
   7          //输入10时显示中间横线输入11显示小点
   8          void Nixie(unsigned char Location,Number)
   9          {
  10   1        switch(Location)    
  11   1        {
  12   2          case 1:P2_4=1;P2_3=1;P2_2=1;break;
  13   2          case 2:P2_4=1;P2_3=1;P2_2=0;break;
  14   2          case 3:P2_4=1;P2_3=0;P2_2=1;break;
  15   2          case 4:P2_4=1;P2_3=0;P2_2=0;break;
  16   2          case 5:P2_4=0;P2_3=1;P2_2=1;break;
  17   2          case 6:P2_4=0;P2_3=1;P2_2=0;break;
  18   2          case 7:P2_4=0;P2_3=0;P2_2=1;break;
  19   2          case 8:P2_4=0;P2_3=0;P2_2=0;break;
  20   2        }
  21   1        P0=NixieTable[Number];  
  22   1        Delay1ms(1);        
  23   1        P0=0x00;        
  24   1      }


MODULE INFORMATION:   STATIC OVERLAYABLE
   CODE SIZE        =    109    ----
   CONSTANT SIZE    =   ----    ----
   XDATA SIZE       =   ----    ----
   PDATA SIZE       =   ----    ----
   DATA SIZE        =     12    ----
   IDATA SIZE       =   ----    ----
   BIT SIZE         =   ----    ----
END OF MODULE INFORMATION.


C51 COMPILATION COMPLETE.  0 WARNING(S),  0 ERROR(S)
