BL51 BANKED LINKER/LOCATER V6.22                                                        09/23/2026  22:44:55  PAGE 1


BL51 BANKED LINKER/LOCATER V6.22, INVOKED BY:
C:\KEIL_V5\C51\BIN\BL51.EXE .\Objects\main.obj, .\Objects\Delay1ms.obj, .\Objects\DS1302.obj, .\Objects\key.obj, .\Objec
>> ts\LCD1602.obj, .\Objects\MatrixKey.obj, .\Objects\MatrixLED.obj, .\Objects\Nixie.obj, .\Objects\Timer0.obj, .\Object
>> s\UART.obj, .\Objects\Timer1.obj TO .\Objects\project PRINT (.\Listings\project.m51) RAMSIZE (256)


MEMORY MODEL: SMALL


INPUT MODULES INCLUDED:
  .\Objects\main.obj (MAIN)
  .\Objects\Delay1ms.obj (DELAY1MS)
  .\Objects\DS1302.obj (DS1302)
  .\Objects\key.obj (KEY)
  .\Objects\LCD1602.obj (LCD1602)
  .\Objects\MatrixKey.obj (MATRIXKEY)
  .\Objects\MatrixLED.obj (MATRIXLED)
  .\Objects\Nixie.obj (NIXIE)
  .\Objects\Timer0.obj (TIMER0)
  .\Objects\UART.obj (UART)
  .\Objects\Timer1.obj (TIMER1)
  C:\KEIL_V5\C51\LIB\C51S.LIB (?C_STARTUP)
  C:\KEIL_V5\C51\LIB\C51S.LIB (?C?SCDIV)
  C:\KEIL_V5\C51\LIB\C51S.LIB (?C?CLDOPTR)
  C:\KEIL_V5\C51\LIB\C51S.LIB (?C?IMUL)
  C:\KEIL_V5\C51\LIB\C51S.LIB (?C?UIDIV)
  C:\KEIL_V5\C51\LIB\C51S.LIB (?C_INIT)


LINK MAP OF MODULE:  .\Objects\project (MAIN)


            TYPE    BASE      LENGTH    RELOCATION   SEGMENT NAME
            -----------------------------------------------------

            * * * * * * *   D A T A   M E M O R Y   * * * * * * *
            REG     0000H     0008H     ABSOLUTE     "REG BANK 0"
            DATA    0008H     000DH     UNIT         ?DT?MAIN
            DATA    0015H     000CH     UNIT         ?DT?NIXIE
            DATA    0021H     0009H     UNIT         _DATA_GROUP_
            DATA    002AH     0007H     UNIT         ?DT?DS1302
            DATA    0031H     0007H     UNIT         ?DT?_LCD_SHOWSIGNEDNUM?LCD1602
            DATA    0038H     0005H     UNIT         ?DT?_LCD_SHOWHEXNUM?LCD1602
            DATA    003DH     0005H     UNIT         ?DT?_LCD_SHOWBINNUM?LCD1602
            DATA    0042H     0003H     UNIT         ?DT?_LCD_SHOWSTRING?LCD1602
            DATA    0045H     0002H     UNIT         ?DT?_DS1302_WRITEBYTE?DS1302
            DATA    0047H     0001H     UNIT         ?DT?MATRIXKEY?MATRIXKEY
            IDATA   0048H     0001H     UNIT         ?STACK

            * * * * * * *   C O D E   M E M O R Y   * * * * * * *
            CODE    0000H     0003H     ABSOLUTE     
            CODE    0003H     0008H     UNIT         ?PR?_UART_SENDBYTE?UART
            CODE    000BH     0003H     ABSOLUTE     
            CODE    000EH     0189H     UNIT         ?PR?MATRIXKEY?MATRIXKEY
            CODE    0197H     017AH     UNIT         ?PR?DS1302_SETTIME?DS1302
            CODE    0311H     00D1H     UNIT         ?PR?TIMER0_ROUTINE?MAIN
            CODE    03E2H     00C1H     UNIT         ?PR?MAIN?MAIN
            CODE    04A3H     00B6H     UNIT         ?C?LIB_CODE
BL51 BANKED LINKER/LOCATER V6.22                                                      09/23/2026  22:44:55  PAGE 2


            CODE    0559H     008DH     UNIT         ?PR?DS1302_READTIME?DS1302
            CODE    05E6H     008CH     UNIT         ?C_C51STARTUP
            CODE    0672H     006DH     UNIT         ?PR?_NIXIE?NIXIE
            CODE    06DFH     0061H     UNIT         ?PR?KEY?KEY
            CODE    0740H     005CH     UNIT         ?PR?_DS1302_WRITEBYTE?DS1302
            CODE    079CH     004EH     UNIT         ?PR?_DS1302_READBYTE?DS1302
            CODE    07EAH     003AH     UNIT         ?PR?_LCD_SHOWSIGNEDNUM?LCD1602
            CODE    0824H     0039H     UNIT         ?PR?_LCD_SHOWHEXNUM?LCD1602
            CODE    085DH     0038H     UNIT         ?PR?_LCD_SHOWBINNUM?LCD1602
            CODE    0895H     0033H     UNIT         ?C_INITSEG
            CODE    08C8H     0033H     UNIT         ?PR?_LCD_POW?LCD1602
            CODE    08FBH     002DH     UNIT         ?PR?__74HC595_WRITEBYTE?MATRIXLED
            CODE    0928H     0023H     UNIT         ?PR?_LCD_SHOWSTRING?LCD1602
            CODE    094BH     0022H     UNIT         ?PR?_MATRIXLED_SHOWCOLUMN?MATRIXLED
            CODE    096DH     001EH     UNIT         ?PR?_LCD_WRITEDATA?LCD1602
            CODE    098BH     001DH     UNIT         ?PR?_LCD_SHOWNUM?LCD1602
            CODE    09A8H     0017H     UNIT         ?PR?TIMER0INIT?TIMER0
            CODE    09BFH     0017H     UNIT         ?PR?UART_INIT?UART
            CODE    09D6H     0017H     UNIT         ?PR?TIMER1INIT?TIMER1
            CODE    09EDH     0016H     UNIT         ?PR?_LCD_SETCURSOR?LCD1602
            CODE    0A03H     0015H     UNIT         ?PR?_DELAY1MS?DELAY1MS
            CODE    0A18H     0014H     UNIT         ?PR?LCD_INIT?LCD1602
            CODE    0A2CH     000FH     UNIT         ?PR?LCD_DELAY?LCD1602
            CODE    0A3BH     000AH     UNIT         ?PR?_LCD_WRITECOMMAND?LCD1602
            CODE    0A45H     000AH     UNIT         ?PR?_LCD_SHOWCHAR?LCD1602
            CODE    0A4FH     0005H     UNIT         ?PR?DS1302_INIT?DS1302
            CODE    0A54H     0005H     UNIT         ?PR?MSTRIXLED_INIT?MATRIXLED



OVERLAY MAP OF MODULE:   .\Objects\project (MAIN)


SEGMENT                                       DATA_GROUP 
  +--> CALLED SEGMENT                       START    LENGTH
-----------------------------------------------------------
?C_C51STARTUP                               -----    -----
  +--> ?PR?MAIN?MAIN
  +--> ?C_INITSEG

?PR?MAIN?MAIN                               -----    -----
  +--> ?PR?TIMER0INIT?TIMER0
  +--> ?PR?LCD_INIT?LCD1602
  +--> ?PR?KEY?KEY
  +--> ?PR?_LCD_SHOWNUM?LCD1602

?PR?LCD_INIT?LCD1602                        -----    -----
  +--> ?PR?_LCD_WRITECOMMAND?LCD1602

?PR?_LCD_WRITECOMMAND?LCD1602               -----    -----
  +--> ?PR?LCD_DELAY?LCD1602

?PR?KEY?KEY                                 0021H    0001H
  +--> ?PR?_DELAY1MS?DELAY1MS

?PR?_LCD_SHOWNUM?LCD1602                    0021H    0005H
  +--> ?PR?_LCD_SETCURSOR?LCD1602
BL51 BANKED LINKER/LOCATER V6.22                                                      09/23/2026  22:44:55  PAGE 3


  +--> ?PR?_LCD_POW?LCD1602
  +--> ?PR?_LCD_WRITEDATA?LCD1602

?PR?_LCD_SETCURSOR?LCD1602                  -----    -----
  +--> ?PR?_LCD_WRITECOMMAND?LCD1602

?PR?_LCD_POW?LCD1602                        0026H    0004H

?PR?_LCD_WRITEDATA?LCD1602                  -----    -----
  +--> ?PR?LCD_DELAY?LCD1602



SYMBOL TABLE OF MODULE:  .\Objects\project (MAIN)

  VALUE           TYPE          NAME
  ----------------------------------

  -------         MODULE        MAIN
  C:0000H         SYMBOL        _ICE_DUMMY_
  C:0311H         PUBLIC        Timer0_Routine
  B:00A0H.3       PUBLIC        yellowyou
  B:00A0H.0       PUBLIC        yellowzuo
  B:0090H.3       PUBLIC        redxia
  D:0090H         PUBLIC        P1
  D:00A0H         PUBLIC        P2
  D:000AH         PUBLIC        T0BeePflat
  D:000BH         PUBLIC        LEDshuzi
  B:00A0H.1       PUBLIC        redyou
  B:0090H.6       PUBLIC        redzuo
  D:000CH         PUBLIC        about
  C:03E2H         PUBLIC        main
  B:0090H.1       PUBLIC        greenshang
  B:0090H.2       PUBLIC        yellowshang
  D:000DH         PUBLIC        mumu
  D:008CH         PUBLIC        TH0
  D:000FH         PUBLIC        urgentshuzi
  D:008AH         PUBLIC        TL0
  B:0090H.0       PUBLIC        redshang
  B:0090H.4       PUBLIC        greenxia
  D:0011H         PUBLIC        KeyNum
  D:0012H         PUBLIC        T0BeeP
  B:0090H.5       PUBLIC        yellowxia
  D:0014H         PUBLIC        signshuzi
  B:00A0H.2       PUBLIC        greenyou
  B:0090H.7       PUBLIC        greenzuo
  B:00A0H.4       PUBLIC        Beep
  -------         PROC          MAIN
  C:03E2H         LINE#         42
  C:03E2H         LINE#         43
  C:03E2H         LINE#         45
  C:03E5H         LINE#         46
  C:03E8H         LINE#         47
  C:03EBH         LINE#         48
  C:03EBH         LINE#         49
  C:03EBH         LINE#         50
  C:03F0H         LINE#         51
BL51 BANKED LINKER/LOCATER V6.22                                                      09/23/2026  22:44:55  PAGE 4


  C:03FFH         LINE#         85
  C:0405H         LINE#         86
  C:0405H         LINE#         87
  C:040CH         LINE#         88
  C:040CH         LINE#         89
  C:040EH         LINE#         90
  C:0410H         LINE#         91
  C:0412H         LINE#         92
  C:0414H         LINE#         93
  C:0416H         LINE#         94
  C:0418H         LINE#         95
  C:041AH         LINE#         96
  C:041CH         LINE#         97
  C:041EH         LINE#         98
  C:0420H         LINE#         99
  C:0422H         LINE#         100
  C:0424H         LINE#         101
  C:0424H         LINE#         102
  C:0431H         LINE#         103
  C:0431H         LINE#         104
  C:0433H         LINE#         105
  C:0435H         LINE#         106
  C:0437H         LINE#         107
  C:0439H         LINE#         108
  C:043BH         LINE#         109
  C:043DH         LINE#         110
  C:043FH         LINE#         111
  C:0441H         LINE#         112
  C:0443H         LINE#         113
  C:0445H         LINE#         114
  C:0447H         LINE#         115
  C:0449H         LINE#         117
  C:0449H         LINE#         118
  C:0456H         LINE#         119
  C:0456H         LINE#         120
  C:0458H         LINE#         121
  C:045AH         LINE#         122
  C:045CH         LINE#         123
  C:045EH         LINE#         124
  C:0460H         LINE#         125
  C:0462H         LINE#         126
  C:0464H         LINE#         127
  C:0466H         LINE#         128
  C:0468H         LINE#         129
  C:046AH         LINE#         130
  C:046CH         LINE#         131
  C:046EH         LINE#         132
  C:046EH         LINE#         133
  C:047BH         LINE#         134
  C:047BH         LINE#         135
  C:047DH         LINE#         136
  C:047FH         LINE#         137
  C:0481H         LINE#         138
  C:0483H         LINE#         139
  C:0485H         LINE#         140
  C:0487H         LINE#         141
  C:0489H         LINE#         142
BL51 BANKED LINKER/LOCATER V6.22                                                      09/23/2026  22:44:55  PAGE 5


  C:048BH         LINE#         143
  C:048DH         LINE#         144
  C:048FH         LINE#         145
  C:0491H         LINE#         146
  C:0493H         LINE#         148
  C:0493H         LINE#         149
  C:049DH         LINE#         150
  C:049DH         LINE#         151
  C:04A0H         LINE#         152
  C:04A0H         LINE#         153
  C:04A0H         LINE#         156
  -------         ENDPROC       MAIN
  -------         PROC          TIMER0_ROUTINE
  -------         DO            
  D:0008H         SYMBOL        T0Count
  -------         ENDDO         
  C:0311H         LINE#         159
  C:0315H         LINE#         163
  C:0318H         LINE#         164
  C:031BH         LINE#         165
  C:0323H         LINE#         166
  C:032BH         LINE#         167
  C:0334H         LINE#         168
  C:0334H         LINE#         169
  C:0337H         LINE#         170
  C:033DH         LINE#         171
  C:033DH         LINE#         173
  C:0348H         LINE#         174
  C:0348H         LINE#         179
  C:0352H         LINE#         180
  C:0352H         LINE#         181
  C:0354H         LINE#         182
  C:0356H         LINE#         184
  C:035AH         LINE#         186
  C:035AH         LINE#         187
  C:0360H         LINE#         188
  C:0360H         LINE#         189
  C:0365H         LINE#         190
  C:0365H         LINE#         191
  C:0368H         LINE#         192
  C:0368H         LINE#         193
  C:036DH         LINE#         194
  C:036DH         LINE#         195
  C:0370H         LINE#         196
  C:0370H         LINE#         197
  C:0375H         LINE#         198
  C:0375H         LINE#         199
  C:0378H         LINE#         200
  C:0378H         LINE#         201
  C:037DH         LINE#         202
  C:037DH         LINE#         203
  C:0380H         LINE#         204
  C:0380H         LINE#         233
  C:038EH         LINE#         234
  C:038EH         LINE#         235
  C:0391H         LINE#         236
  C:0397H         LINE#         237
BL51 BANKED LINKER/LOCATER V6.22                                                      09/23/2026  22:44:55  PAGE 6


  C:039FH         LINE#         239
  C:03A8H         LINE#         240
  C:03A8H         LINE#         242
  C:03AEH         LINE#         243
  C:03B4H         LINE#         244
  C:03B7H         LINE#         245
  C:03B7H         LINE#         246
  C:03BFH         LINE#         247
  C:03BFH         LINE#         248
  C:03C1H         LINE#         249
  C:03C3H         LINE#         250
  C:03C5H         LINE#         251
  C:03C7H         LINE#         252
  C:03C9H         LINE#         253
  C:03CBH         LINE#         254
  C:03CDH         LINE#         255
  C:03CFH         LINE#         256
  C:03D1H         LINE#         257
  C:03D3H         LINE#         258
  C:03D5H         LINE#         259
  C:03D7H         LINE#         260
  C:03DBH         LINE#         261
  C:03DBH         LINE#         262
  C:03DDH         LINE#         263
  C:03DDH         LINE#         264
  C:03DDH         LINE#         265
  C:03DDH         LINE#         269
  -------         ENDPROC       TIMER0_ROUTINE
  -------         ENDMOD        MAIN

  -------         MODULE        DELAY1MS
  C:0000H         SYMBOL        _ICE_DUMMY_
  C:0A03H         PUBLIC        _Delay1ms
  -------         PROC          _DELAY1MS
  D:0006H         SYMBOL        xms
  -------         DO            
  D:0005H         SYMBOL        i
  D:0004H         SYMBOL        j
  -------         ENDDO         
  C:0A03H         LINE#         3
  C:0A03H         LINE#         4
  C:0A03H         LINE#         6
  C:0A07H         LINE#         7
  C:0A07H         LINE#         8
  C:0A08H         LINE#         9
  C:0A0AH         LINE#         10
  C:0A0CH         LINE#         12
  C:0A0CH         LINE#         13
  C:0A0EH         LINE#         14
  C:0A10H         LINE#         15
  C:0A15H         LINE#         16
  C:0A17H         LINE#         17
  -------         ENDPROC       _DELAY1MS
  -------         ENDMOD        DELAY1MS

  -------         MODULE        DS1302
  C:0000H         SYMBOL        _ICE_DUMMY_
BL51 BANKED LINKER/LOCATER V6.22                                                      09/23/2026  22:44:55  PAGE 7


  C:0197H         PUBLIC        DS1302_SetTime
  D:00B0H         PUBLIC        P3
  B:00B0H.5       PUBLIC        DS1302_CE
  C:0559H         PUBLIC        DS1302_ReadTime
  D:002AH         PUBLIC        DS1302_Time
  C:079CH         PUBLIC        _DS1302_ReadByte
  C:0A4FH         PUBLIC        DS1302_Init
  B:00B0H.4       PUBLIC        DS1302_IO
  C:0745H         PUBLIC        _DS1302_WriteByte
  B:00B0H.6       PUBLIC        DS1302_SCLK
  -------         PROC          DS1302_INIT
  C:0A4FH         LINE#         19
  C:0A4FH         LINE#         20
  C:0A4FH         LINE#         21
  C:0A51H         LINE#         22
  C:0A53H         LINE#         23
  -------         ENDPROC       DS1302_INIT
  -------         PROC          L?0027
  -------         ENDPROC       L?0027
  -------         PROC          _DS1302_WRITEBYTE
  D:0003H         SYMBOL        Command
  D:0045H         SYMBOL        Data
  -------         DO            
  D:0005H         SYMBOL        i
  -------         ENDDO         
  C:0745H         LINE#         26
  C:074BH         LINE#         27
  C:074BH         LINE#         29
  C:074DH         LINE#         30
  C:074FH         LINE#         31
  C:074FH         LINE#         32
  C:076AH         LINE#         33
  C:076CH         LINE#         34
  C:076EH         LINE#         35
  C:0772H         LINE#         36
  C:0774H         LINE#         37
  C:0774H         LINE#         38
  C:0791H         LINE#         39
  C:0793H         LINE#         40
  C:0795H         LINE#         41
  C:0799H         LINE#         42
  C:079BH         LINE#         43
  -------         ENDPROC       _DS1302_WRITEBYTE
  -------         PROC          _DS1302_READBYTE
  D:0005H         SYMBOL        Command
  -------         DO            
  D:0003H         SYMBOL        i
  D:0001H         SYMBOL        Data
  -------         ENDDO         
  C:079CH         LINE#         46
  C:079EH         LINE#         47
  C:079EH         LINE#         48
  C:07A0H         LINE#         49
  C:07A3H         LINE#         50
  C:07A5H         LINE#         51
  C:07A6H         LINE#         52
  C:07A6H         LINE#         53
BL51 BANKED LINKER/LOCATER V6.22                                                      09/23/2026  22:44:55  PAGE 8


  C:07C1H         LINE#         54
  C:07C3H         LINE#         55
  C:07C5H         LINE#         56
  C:07C9H         LINE#         58
  C:07CBH         LINE#         59
  C:07CBH         LINE#         60
  C:07CDH         LINE#         61
  C:07CFH         LINE#         62
  C:07DFH         LINE#         63
  C:07E3H         LINE#         64
  C:07E5H         LINE#         65
  C:07E7H         LINE#         66
  C:07E9H         LINE#         67
  -------         ENDPROC       _DS1302_READBYTE
  -------         PROC          DS1302_SETTIME
  C:0197H         LINE#         68
  C:0197H         LINE#         69
  C:0197H         LINE#         70
  C:019FH         LINE#         71
  C:01CFH         LINE#         72
  C:01FFH         LINE#         73
  C:0234H         LINE#         74
  C:0269H         LINE#         75
  C:029EH         LINE#         76
  C:02D3H         LINE#         77
  C:0308H         LINE#         78
  -------         ENDPROC       DS1302_SETTIME
  -------         PROC          DS1302_READTIME
  -------         DO            
  D:0007H         SYMBOL        Temp
  -------         ENDDO         
  C:0559H         LINE#         80
  C:0559H         LINE#         81
  C:0559H         LINE#         83
  C:055EH         LINE#         84
  C:056DH         LINE#         85
  C:0572H         LINE#         86
  C:0581H         LINE#         87
  C:0586H         LINE#         88
  C:0595H         LINE#         89
  C:059AH         LINE#         90
  C:05A9H         LINE#         91
  C:05AEH         LINE#         92
  C:05BDH         LINE#         93
  C:05C2H         LINE#         94
  C:05D1H         LINE#         95
  C:05D6H         LINE#         96
  C:05E5H         LINE#         97
  -------         ENDPROC       DS1302_READTIME
  -------         ENDMOD        DS1302

  -------         MODULE        KEY
  C:0000H         SYMBOL        _ICE_DUMMY_
  B:00B0H.0       PUBLIC        P3_0
  B:00B0H.1       PUBLIC        P3_1
  B:00B0H.2       PUBLIC        P3_2
  B:00B0H.3       PUBLIC        P3_3
BL51 BANKED LINKER/LOCATER V6.22                                                      09/23/2026  22:44:55  PAGE 9


  C:06DFH         PUBLIC        Key
  -------         PROC          KEY
  -------         DO            
  D:0021H         SYMBOL        KeyNumber
  -------         ENDDO         
  C:06DFH         LINE#         5
  C:06DFH         LINE#         6
  C:06DFH         LINE#         7
  C:06E2H         LINE#         8
  C:06F8H         LINE#         9
  C:070FH         LINE#         10
  C:0726H         LINE#         11
  C:073DH         LINE#         12
  C:073FH         LINE#         14
  -------         ENDPROC       KEY
  -------         ENDMOD        KEY

  -------         MODULE        LCD1602
  C:0000H         SYMBOL        _ICE_DUMMY_
  D:0080H         PUBLIC        P0
  D:00A0H         PUBLIC        P2
  C:0A3BH         PUBLIC        _LCD_WriteCommand
  C:098BH         PUBLIC        _LCD_ShowNum
  C:085DH         PUBLIC        _LCD_ShowBinNum
  C:0A32H         PUBLIC        LCD_Delay
  C:0824H         PUBLIC        _LCD_ShowHexNum
  C:0981H         PUBLIC        _LCD_WriteData
  B:00A0H.7       PUBLIC        LCD_EN
  C:0A18H         PUBLIC        LCD_Init
  C:0928H         PUBLIC        _LCD_ShowString
  C:0A45H         PUBLIC        _LCD_ShowChar
  B:00A0H.6       PUBLIC        LCD_RS
  B:00A0H.5       PUBLIC        LCD_RW
  C:09EDH         PUBLIC        _LCD_SetCursor
  C:07EAH         PUBLIC        _LCD_ShowSignedNum
  C:08D4H         PUBLIC        _LCD_Pow
  -------         PROC          L?0048
  -------         ENDPROC       L?0048
  -------         PROC          LCD_DELAY
  -------         DO            
  D:0007H         SYMBOL        i
  D:0006H         SYMBOL        j
  -------         ENDDO         
  C:0A32H         LINE#         15
  C:0A32H         LINE#         16
  C:0A32H         LINE#         19
  C:0A34H         LINE#         20
  C:0A36H         LINE#         22
  C:0A36H         LINE#         23
  C:0A38H         LINE#         24
  C:0A3AH         LINE#         25
  -------         ENDPROC       LCD_DELAY
  -------         PROC          _LCD_WRITECOMMAND
  D:0007H         SYMBOL        Command
  C:0A3BH         LINE#         32
  C:0A3BH         LINE#         33
  C:0A3BH         LINE#         34
BL51 BANKED LINKER/LOCATER V6.22                                                      09/23/2026  22:44:55  PAGE 10


  C:0A3DH         LINE#         35
  C:0A3DH         LINE#         36
  C:0A3DH         LINE#         37
  C:0A3DH         LINE#         38
  C:0A40H         LINE#         39
  C:0A42H         LINE#         40
  -------         ENDPROC       _LCD_WRITECOMMAND
  -------         PROC          L?0047
  -------         ENDPROC       L?0047
  -------         PROC          _LCD_WRITEDATA
  D:0007H         SYMBOL        Data
  C:0981H         LINE#         48
  C:0981H         LINE#         49
  C:0981H         LINE#         50
  C:0983H         LINE#         51
  C:0983H         LINE#         52
  C:0983H         LINE#         53
  C:0983H         LINE#         54
  C:0986H         LINE#         55
  C:0988H         LINE#         56
  -------         ENDPROC       _LCD_WRITEDATA
  -------         PROC          _LCD_SETCURSOR
  D:0006H         SYMBOL        Line
  D:0005H         SYMBOL        Column
  C:09EDH         LINE#         65
  C:09EFH         LINE#         66
  C:09EFH         LINE#         67
  C:09F2H         LINE#         68
  C:09F2H         LINE#         69
  C:09F4H         LINE#         70
  C:09F6H         LINE#         71
  C:09F9H         LINE#         72
  C:09F9H         LINE#         73
  C:0A02H         LINE#         74
  C:0A02H         LINE#         75
  -------         ENDPROC       _LCD_SETCURSOR
  -------         PROC          LCD_INIT
  C:0A18H         LINE#         82
  C:0A18H         LINE#         83
  C:0A18H         LINE#         84
  C:0A1DH         LINE#         85
  C:0A22H         LINE#         86
  C:0A27H         LINE#         87
  -------         ENDPROC       LCD_INIT
  -------         PROC          _LCD_SHOWCHAR
  D:0006H         SYMBOL        Line
  D:0005H         SYMBOL        Column
  D:0004H         SYMBOL        Char
  C:0A45H         LINE#         97
  C:0A47H         LINE#         98
  C:0A47H         LINE#         99
  C:0A4AH         LINE#         100
  -------         ENDPROC       _LCD_SHOWCHAR
  -------         PROC          _LCD_SHOWSTRING
  D:0007H         SYMBOL        Line
  D:0005H         SYMBOL        Column
  D:0042H         SYMBOL        String
BL51 BANKED LINKER/LOCATER V6.22                                                      09/23/2026  22:44:55  PAGE 11


  -------         DO            
  D:0005H         SYMBOL        i
  -------         ENDDO         
  C:0928H         LINE#         110
  C:092EH         LINE#         111
  C:092EH         LINE#         113
  C:0931H         LINE#         114
  C:0944H         LINE#         115
  C:0944H         LINE#         116
  C:0947H         LINE#         117
  C:094AH         LINE#         118
  -------         ENDPROC       _LCD_SHOWSTRING
  C:08CAH         SYMBOL        L?0046
  -------         PROC          L?0045
  -------         ENDPROC       L?0045
  C:08CAH         SYMBOL        L?0046
  -------         PROC          _LCD_POW
  D:0026H         SYMBOL        X
  D:0028H         SYMBOL        Y
  -------         DO            
  D:0003H         SYMBOL        i
  D:0006H         SYMBOL        Result
  -------         ENDDO         
  C:08D4H         LINE#         123
  C:08DCH         LINE#         124
  C:08DCH         LINE#         126
  C:08E0H         LINE#         127
  C:08F0H         LINE#         128
  C:08F0H         LINE#         129
  C:08F7H         LINE#         130
  C:08FAH         LINE#         131
  C:08FAH         LINE#         132
  -------         ENDPROC       _LCD_POW
  -------         PROC          _LCD_SHOWNUM
  D:0007H         SYMBOL        Line
  D:0005H         SYMBOL        Column
  D:0023H         SYMBOL        Number
  D:0025H         SYMBOL        Length
  -------         DO            
  D:0002H         SYMBOL        i
  -------         ENDDO         
  C:098BH         LINE#         142
  C:098FH         LINE#         143
  C:098FH         LINE#         145
  C:0992H         LINE#         146
  C:099AH         LINE#         147
  C:099AH         LINE#         148
  C:09A4H         LINE#         149
  C:09A7H         LINE#         150
  -------         ENDPROC       _LCD_SHOWNUM
  -------         PROC          _LCD_SHOWSIGNEDNUM
  D:0007H         SYMBOL        Line
  D:0005H         SYMBOL        Column
  D:0002H         SYMBOL        Number
  D:0035H         SYMBOL        Length
  -------         DO            
  D:0002H         SYMBOL        i
BL51 BANKED LINKER/LOCATER V6.22                                                      09/23/2026  22:44:55  PAGE 12


  D:0036H         SYMBOL        Number1
  -------         ENDDO         
  C:07EAH         LINE#         160
  C:07EAH         LINE#         161
  C:07EAH         LINE#         164
  C:07EDH         LINE#         165
  C:07F5H         LINE#         166
  C:07F5H         LINE#         167
  C:07FAH         LINE#         168
  C:07FEH         LINE#         169
  C:0800H         LINE#         171
  C:0800H         LINE#         172
  C:0805H         LINE#         173
  C:080EH         LINE#         174
  C:080EH         LINE#         175
  C:0816H         LINE#         176
  C:0816H         LINE#         177
  C:0820H         LINE#         178
  C:0823H         LINE#         179
  -------         ENDPROC       _LCD_SHOWSIGNEDNUM
  -------         PROC          _LCD_SHOWHEXNUM
  D:0007H         SYMBOL        Line
  D:0005H         SYMBOL        Column
  D:003AH         SYMBOL        Number
  D:003CH         SYMBOL        Length
  -------         DO            
  D:0002H         SYMBOL        i
  D:0006H         SYMBOL        SingleNumber
  -------         ENDDO         
  C:0824H         LINE#         189
  C:0828H         LINE#         190
  C:0828H         LINE#         192
  C:082BH         LINE#         193
  C:0833H         LINE#         194
  C:0833H         LINE#         195
  C:0849H         LINE#         196
  C:084FH         LINE#         197
  C:084FH         LINE#         198
  C:0851H         LINE#         199
  C:0853H         LINE#         201
  C:0853H         LINE#         202
  C:0859H         LINE#         203
  C:0859H         LINE#         204
  C:085CH         LINE#         205
  -------         ENDPROC       _LCD_SHOWHEXNUM
  -------         PROC          _LCD_SHOWBINNUM
  D:0007H         SYMBOL        Line
  D:0005H         SYMBOL        Column
  D:003FH         SYMBOL        Number
  D:0041H         SYMBOL        Length
  -------         DO            
  D:0002H         SYMBOL        i
  -------         ENDDO         
  C:085DH         LINE#         215
  C:0861H         LINE#         216
  C:0861H         LINE#         218
  C:0864H         LINE#         219
BL51 BANKED LINKER/LOCATER V6.22                                                      09/23/2026  22:44:55  PAGE 13


  C:086CH         LINE#         220
  C:086CH         LINE#         221
  C:0891H         LINE#         222
  C:0894H         LINE#         223
  -------         ENDPROC       _LCD_SHOWBINNUM
  -------         ENDMOD        LCD1602

  -------         MODULE        MATRIXKEY
  C:0000H         SYMBOL        _ICE_DUMMY_
  D:0090H         PUBLIC        P1
  B:0090H.0       PUBLIC        P1_0
  B:0090H.1       PUBLIC        P1_1
  B:0090H.2       PUBLIC        P1_2
  B:0090H.3       PUBLIC        P1_3
  B:0090H.4       PUBLIC        P1_4
  B:0090H.5       PUBLIC        P1_5
  B:0090H.6       PUBLIC        P1_6
  B:0090H.7       PUBLIC        P1_7
  C:000EH         PUBLIC        MatrixKey
  -------         PROC          MATRIXKEY
  -------         DO            
  D:0047H         SYMBOL        KeyNumber
  -------         ENDDO         
  C:000EH         LINE#         10
  C:000EH         LINE#         11
  C:000EH         LINE#         12
  C:0011H         LINE#         14
  C:0014H         LINE#         15
  C:0016H         LINE#         16
  C:002CH         LINE#         17
  C:0043H         LINE#         18
  C:005AH         LINE#         19
  C:0071H         LINE#         21
  C:0074H         LINE#         22
  C:0076H         LINE#         23
  C:008DH         LINE#         24
  C:00A4H         LINE#         25
  C:00BBH         LINE#         26
  C:00D2H         LINE#         28
  C:00D5H         LINE#         29
  C:00D7H         LINE#         30
  C:00EEH         LINE#         31
  C:0105H         LINE#         32
  C:011CH         LINE#         33
  C:0133H         LINE#         35
  C:0136H         LINE#         36
  C:0138H         LINE#         37
  C:014FH         LINE#         38
  C:0166H         LINE#         39
  C:017DH         LINE#         40
  C:0194H         LINE#         42
  C:0196H         LINE#         43
  -------         ENDPROC       MATRIXKEY
  -------         ENDMOD        MATRIXKEY

  -------         MODULE        MATRIXLED
  C:0000H         SYMBOL        _ICE_DUMMY_
BL51 BANKED LINKER/LOCATER V6.22                                                      09/23/2026  22:44:55  PAGE 14


  D:0080H         PUBLIC        P0
  C:08FBH         PUBLIC        __74HC595_WriteByte
  D:00B0H         PUBLIC        P3
  C:094BH         PUBLIC        _MatrixLED_ShowColumn
  C:0A54H         PUBLIC        MstrixLED_Init
  B:00B0H.5       PUBLIC        RCK
  B:00B0H.6       PUBLIC        SCK
  B:00B0H.4       PUBLIC        SER
  -------         PROC          __74HC595_WRITEBYTE
  D:0005H         SYMBOL        Byte
  -------         DO            
  D:0003H         SYMBOL        i
  -------         ENDDO         
  C:08FBH         LINE#         14
  C:08FDH         LINE#         15
  C:08FDH         LINE#         17
  C:08FFH         LINE#         18
  C:08FFH         LINE#         19
  C:091BH         LINE#         20
  C:091DH         LINE#         21
  C:091FH         LINE#         22
  C:0923H         LINE#         23
  C:0925H         LINE#         24
  C:0927H         LINE#         25
  -------         ENDPROC       __74HC595_WRITEBYTE
  -------         PROC          MSTRIXLED_INIT
  C:0A54H         LINE#         26
  C:0A54H         LINE#         27
  C:0A54H         LINE#         28
  C:0A56H         LINE#         29
  C:0A58H         LINE#         30
  -------         ENDPROC       MSTRIXLED_INIT
  -------         PROC          _MATRIXLED_SHOWCOLUMN
  D:0002H         SYMBOL        Column
  D:0004H         SYMBOL        Data
  C:094BH         LINE#         39
  C:094DH         LINE#         40
  C:094DH         LINE#         41
  C:0952H         LINE#         42
  C:0962H         LINE#         43
  C:0969H         LINE#         44
  C:096CH         LINE#         45
  -------         ENDPROC       _MATRIXLED_SHOWCOLUMN
  -------         ENDMOD        MATRIXLED

  -------         MODULE        NIXIE
  C:0000H         SYMBOL        _ICE_DUMMY_
  C:0672H         PUBLIC        _Nixie
  D:0080H         PUBLIC        P0
  B:00A0H.2       PUBLIC        P2_2
  B:00A0H.3       PUBLIC        P2_3
  B:00A0H.4       PUBLIC        P2_4
  D:0015H         PUBLIC        NixieTable
  -------         PROC          _NIXIE
  D:0007H         SYMBOL        Location
  D:0004H         SYMBOL        Number
  C:0672H         LINE#         8
BL51 BANKED LINKER/LOCATER V6.22                                                      09/23/2026  22:44:55  PAGE 15


  C:0672H         LINE#         9
  C:0672H         LINE#         10
  C:069FH         LINE#         11
  C:069FH         LINE#         12
  C:06A3H         LINE#         13
  C:06A7H         LINE#         14
  C:06ABH         LINE#         15
  C:06AFH         LINE#         16
  C:06B7H         LINE#         17
  C:06BFH         LINE#         18
  C:06C7H         LINE#         19
  C:06CDH         LINE#         20
  C:06CDH         LINE#         21
  C:06D4H         LINE#         22
  C:06DBH         LINE#         23
  C:06DEH         LINE#         24
  -------         ENDPROC       _NIXIE
  -------         ENDMOD        NIXIE

  -------         MODULE        TIMER0
  C:0000H         SYMBOL        _ICE_DUMMY_
  B:00A8H.7       PUBLIC        EA
  D:0089H         PUBLIC        TMOD
  B:00A8H.1       PUBLIC        ET0
  B:0088H.5       PUBLIC        TF0
  C:09A8H         PUBLIC        Timer0Init
  D:008CH         PUBLIC        TH0
  D:008AH         PUBLIC        TL0
  B:00B8H.1       PUBLIC        PT0
  B:0088H.4       PUBLIC        TR0
  -------         PROC          TIMER0INIT
  C:09A8H         LINE#         4
  C:09A8H         LINE#         5
  C:09A8H         LINE#         7
  C:09ABH         LINE#         8
  C:09AEH         LINE#         9
  C:09B1H         LINE#         10
  C:09B4H         LINE#         11
  C:09B6H         LINE#         12
  C:09B8H         LINE#         13
  C:09BAH         LINE#         14
  C:09BCH         LINE#         15
  C:09BEH         LINE#         16
  -------         ENDPROC       TIMER0INIT
  -------         ENDMOD        TIMER0

  -------         MODULE        UART
  C:0000H         SYMBOL        _ICE_DUMMY_
  B:0098H.1       PUBLIC        TI
  D:0099H         PUBLIC        SBUF
  D:0087H         PUBLIC        PCON
  C:09BFH         PUBLIC        UART_Init
  D:0098H         PUBLIC        SCON
  D:0089H         PUBLIC        TMOD
  C:0003H         PUBLIC        _UART_SendByte
  B:00A8H.3       PUBLIC        ET1
  D:008DH         PUBLIC        TH1
BL51 BANKED LINKER/LOCATER V6.22                                                      09/23/2026  22:44:55  PAGE 16


  D:008BH         PUBLIC        TL1
  B:0088H.6       PUBLIC        TR1
  -------         PROC          UART_INIT
  C:09BFH         LINE#         8
  C:09BFH         LINE#         9
  C:09BFH         LINE#         10
  C:09C2H         LINE#         11
  C:09C5H         LINE#         12
  C:09C8H         LINE#         13
  C:09CBH         LINE#         14
  C:09CEH         LINE#         15
  C:09D1H         LINE#         16
  C:09D3H         LINE#         17
  C:09D5H         LINE#         18
  -------         ENDPROC       UART_INIT
  -------         PROC          _UART_SENDBYTE
  D:0007H         SYMBOL        Byte
  C:0003H         LINE#         25
  C:0003H         LINE#         26
  C:0003H         LINE#         27
  C:0005H         LINE#         28
  C:0008H         LINE#         29
  C:000AH         LINE#         30
  -------         ENDPROC       _UART_SENDBYTE
  -------         ENDMOD        UART

  -------         MODULE        TIMER1
  C:0000H         SYMBOL        _ICE_DUMMY_
  B:00A8H.7       PUBLIC        EA
  D:0089H         PUBLIC        TMOD
  B:00A8H.3       PUBLIC        ET1
  B:0088H.7       PUBLIC        TF1
  C:09D6H         PUBLIC        Timer1Init
  D:008DH         PUBLIC        TH1
  D:008BH         PUBLIC        TL1
  B:00B8H.3       PUBLIC        PT1
  B:0088H.6       PUBLIC        TR1
  -------         PROC          TIMER1INIT
  C:09D6H         LINE#         4
  C:09D6H         LINE#         5
  C:09D6H         LINE#         6
  C:09D9H         LINE#         7
  C:09DCH         LINE#         8
  C:09DFH         LINE#         9
  C:09E2H         LINE#         10
  C:09E4H         LINE#         11
  C:09E6H         LINE#         12
  C:09E8H         LINE#         13
  C:09EAH         LINE#         14
  C:09ECH         LINE#         15
  -------         ENDPROC       TIMER1INIT
  -------         ENDMOD        TIMER1

  -------         MODULE        ?C?SCDIV
  C:04A3H         PUBLIC        ?C?SCDIV
  -------         ENDMOD        ?C?SCDIV

BL51 BANKED LINKER/LOCATER V6.22                                                      09/23/2026  22:44:55  PAGE 17


  -------         MODULE        ?C?CLDOPTR
  C:04C5H         PUBLIC        ?C?CLDOPTR
  -------         ENDMOD        ?C?CLDOPTR

  -------         MODULE        ?C?IMUL
  C:04F2H         PUBLIC        ?C?IMUL
  -------         ENDMOD        ?C?IMUL

  -------         MODULE        ?C?UIDIV
  C:0504H         PUBLIC        ?C?UIDIV
  -------         ENDMOD        ?C?UIDIV

*** WARNING L16: UNCALLED SEGMENT, IGNORED FOR OVERLAY PROCESS
    SEGMENT: ?PR?DS1302_INIT?DS1302

*** WARNING L16: UNCALLED SEGMENT, IGNORED FOR OVERLAY PROCESS
    SEGMENT: ?PR?DS1302_SETTIME?DS1302

*** WARNING L16: UNCALLED SEGMENT, IGNORED FOR OVERLAY PROCESS
    SEGMENT: ?PR?DS1302_READTIME?DS1302

*** WARNING L16: UNCALLED SEGMENT, IGNORED FOR OVERLAY PROCESS
    SEGMENT: ?PR?_LCD_SHOWCHAR?LCD1602

*** WARNING L16: UNCALLED SEGMENT, IGNORED FOR OVERLAY PROCESS
    SEGMENT: ?PR?_LCD_SHOWSTRING?LCD1602

*** WARNING L16: UNCALLED SEGMENT, IGNORED FOR OVERLAY PROCESS
    SEGMENT: ?PR?_LCD_SHOWSIGNEDNUM?LCD1602

*** WARNING L16: UNCALLED SEGMENT, IGNORED FOR OVERLAY PROCESS
    SEGMENT: ?PR?_LCD_SHOWHEXNUM?LCD1602

*** WARNING L16: UNCALLED SEGMENT, IGNORED FOR OVERLAY PROCESS
    SEGMENT: ?PR?_LCD_SHOWBINNUM?LCD1602

*** WARNING L16: UNCALLED SEGMENT, IGNORED FOR OVERLAY PROCESS
    SEGMENT: ?PR?MATRIXKEY?MATRIXKEY

*** WARNING L16: UNCALLED SEGMENT, IGNORED FOR OVERLAY PROCESS
    SEGMENT: ?PR?MSTRIXLED_INIT?MATRIXLED

*** WARNING L16: UNCALLED SEGMENT, IGNORED FOR OVERLAY PROCESS
    SEGMENT: ?PR?_MATRIXLED_SHOWCOLUMN?MATRIXLED

*** WARNING L16: UNCALLED SEGMENT, IGNORED FOR OVERLAY PROCESS
    SEGMENT: ?PR?_NIXIE?NIXIE

*** WARNING L16: UNCALLED SEGMENT, IGNORED FOR OVERLAY PROCESS
    SEGMENT: ?PR?UART_INIT?UART

*** WARNING L16: UNCALLED SEGMENT, IGNORED FOR OVERLAY PROCESS
    SEGMENT: ?PR?_UART_SENDBYTE?UART

*** WARNING L16: UNCALLED SEGMENT, IGNORED FOR OVERLAY PROCESS
    SEGMENT: ?PR?TIMER1INIT?TIMER1

BL51 BANKED LINKER/LOCATER V6.22                                                      09/23/2026  22:44:55  PAGE 18


Program Size: data=73.0 xdata=0 code=2649
LINK/LOCATE RUN COMPLETE.  15 WARNING(S),  0 ERROR(S)
