BL51 BANKED LINKER/LOCATER V6.22                                                        09/23/2026  22:37:39  PAGE 1


BL51 BANKED LINKER/LOCATER V6.22, INVOKED BY:
C:\KEIL_V5\C51\BIN\BL51.EXE .\Objects\main.obj, .\Objects\Delay1ms.obj, .\Objects\DS1302.obj, .\Objects\key.obj, .\Objec
>> ts\LCD1602.obj, .\Objects\MatrixKey.obj, .\Objects\MatrixLED.obj, .\Objects\Nixie.obj, .\Objects\Timer0.obj, .\Object
>> s\UART.obj, .\Objects\Timer1.obj TO .\Objects\project PRINT (.\Listings\project.m51) RAMSIZE (256)


MEMORY MODEL: SMALL


INPUT MODULES INCLUDED:
  .\Objects\main.obj (MAIN)
  .\Objects\Delay1ms.obj (DELAY1MS)
  .\Objects\DS1302.obj (DS1302)
  .\Objects\key.obj (KEY)
  .\Objects\LCD1602.obj (LCD1602)
  .\Objects\MatrixKey.obj (MATRIXKEY)
  .\Objects\MatrixLED.obj (MATRIXLED)
  .\Objects\Nixie.obj (NIXIE)
  .\Objects\Timer0.obj (TIMER0)
  .\Objects\UART.obj (UART)
  .\Objects\Timer1.obj (TIMER1)
  C:\KEIL_V5\C51\LIB\C51S.LIB (?C_STARTUP)
  C:\KEIL_V5\C51\LIB\C51S.LIB (?C?SCDIV)
  C:\KEIL_V5\C51\LIB\C51S.LIB (?C?CLDOPTR)
  C:\KEIL_V5\C51\LIB\C51S.LIB (?C?IMUL)
  C:\KEIL_V5\C51\LIB\C51S.LIB (?C?UIDIV)
  C:\KEIL_V5\C51\LIB\C51S.LIB (?C_INIT)


LINK MAP OF MODULE:  .\Objects\project (MAIN)


            TYPE    BASE      LENGTH    RELOCATION   SEGMENT NAME
            -----------------------------------------------------

            * * * * * * *   D A T A   M E M O R Y   * * * * * * *
            REG     0000H     0008H     ABSOLUTE     "REG BANK 0"
            DATA    0008H     000DH     UNIT         ?DT?MAIN
            DATA    0015H     000CH     UNIT         ?DT?NIXIE
            DATA    0021H     0009H     UNIT         _DATA_GROUP_
            DATA    002AH     0007H     UNIT         ?DT?DS1302
            DATA    0031H     0007H     UNIT         ?DT?_LCD_SHOWSIGNEDNUM?LCD1602
            DATA    0038H     0005H     UNIT         ?DT?_LCD_SHOWHEXNUM?LCD1602
            DATA    003DH     0005H     UNIT         ?DT?_LCD_SHOWBINNUM?LCD1602
            DATA    0042H     0003H     UNIT         ?DT?_LCD_SHOWSTRING?LCD1602
            DATA    0045H     0002H     UNIT         ?DT?_DS1302_WRITEBYTE?DS1302
            DATA    0047H     0001H     UNIT         ?DT?MATRIXKEY?MATRIXKEY
            IDATA   0048H     0001H     UNIT         ?STACK

            * * * * * * *   C O D E   M E M O R Y   * * * * * * *
            CODE    0000H     0003H     ABSOLUTE     
            CODE    0003H     0008H     UNIT         ?PR?_UART_SENDBYTE?UART
            CODE    000BH     0003H     ABSOLUTE     
            CODE    000EH     0189H     UNIT         ?PR?MATRIXKEY?MATRIXKEY
            CODE    0197H     017AH     UNIT         ?PR?DS1302_SETTIME?DS1302
            CODE    0311H     00D3H     UNIT         ?PR?MAIN?MAIN
            CODE    03E4H     00D1H     UNIT         ?PR?TIMER0_ROUTINE?MAIN
            CODE    04B5H     00B6H     UNIT         ?C?LIB_CODE
BL51 BANKED LINKER/LOCATER V6.22                                                      09/23/2026  22:37:39  PAGE 2


            CODE    056BH     008DH     UNIT         ?PR?DS1302_READTIME?DS1302
            CODE    05F8H     008CH     UNIT         ?C_C51STARTUP
            CODE    0684H     006DH     UNIT         ?PR?_NIXIE?NIXIE
            CODE    06F1H     0061H     UNIT         ?PR?KEY?KEY
            CODE    0752H     005CH     UNIT         ?PR?_DS1302_WRITEBYTE?DS1302
            CODE    07AEH     004EH     UNIT         ?PR?_DS1302_READBYTE?DS1302
            CODE    07FCH     003AH     UNIT         ?PR?_LCD_SHOWSIGNEDNUM?LCD1602
            CODE    0836H     0039H     UNIT         ?PR?_LCD_SHOWHEXNUM?LCD1602
            CODE    086FH     0038H     UNIT         ?PR?_LCD_SHOWBINNUM?LCD1602
            CODE    08A7H     0033H     UNIT         ?C_INITSEG
            CODE    08DAH     0033H     UNIT         ?PR?_LCD_POW?LCD1602
            CODE    090DH     002DH     UNIT         ?PR?__74HC595_WRITEBYTE?MATRIXLED
            CODE    093AH     0023H     UNIT         ?PR?_LCD_SHOWSTRING?LCD1602
            CODE    095DH     0022H     UNIT         ?PR?_MATRIXLED_SHOWCOLUMN?MATRIXLED
            CODE    097FH     001EH     UNIT         ?PR?_LCD_WRITEDATA?LCD1602
            CODE    099DH     001DH     UNIT         ?PR?_LCD_SHOWNUM?LCD1602
            CODE    09BAH     0017H     UNIT         ?PR?TIMER0INIT?TIMER0
            CODE    09D1H     0017H     UNIT         ?PR?UART_INIT?UART
            CODE    09E8H     0017H     UNIT         ?PR?TIMER1INIT?TIMER1
            CODE    09FFH     0016H     UNIT         ?PR?_LCD_SETCURSOR?LCD1602
            CODE    0A15H     0015H     UNIT         ?PR?_DELAY1MS?DELAY1MS
            CODE    0A2AH     0014H     UNIT         ?PR?LCD_INIT?LCD1602
            CODE    0A3EH     000FH     UNIT         ?PR?LCD_DELAY?LCD1602
            CODE    0A4DH     000AH     UNIT         ?PR?_LCD_WRITECOMMAND?LCD1602
            CODE    0A57H     000AH     UNIT         ?PR?_LCD_SHOWCHAR?LCD1602
            CODE    0A61H     0005H     UNIT         ?PR?DS1302_INIT?DS1302
            CODE    0A66H     0005H     UNIT         ?PR?MSTRIXLED_INIT?MATRIXLED



OVERLAY MAP OF MODULE:   .\Objects\project (MAIN)


SEGMENT                                       DATA_GROUP 
  +--> CALLED SEGMENT                       START    LENGTH
-----------------------------------------------------------
?C_C51STARTUP                               -----    -----
  +--> ?PR?MAIN?MAIN
  +--> ?C_INITSEG

?PR?MAIN?MAIN                               -----    -----
  +--> ?PR?_DELAY1MS?DELAY1MS
  +--> ?PR?TIMER0INIT?TIMER0
  +--> ?PR?LCD_INIT?LCD1602
  +--> ?PR?KEY?KEY
  +--> ?PR?_LCD_SHOWNUM?LCD1602

?PR?LCD_INIT?LCD1602                        -----    -----
  +--> ?PR?_LCD_WRITECOMMAND?LCD1602

?PR?_LCD_WRITECOMMAND?LCD1602               -----    -----
  +--> ?PR?LCD_DELAY?LCD1602

?PR?KEY?KEY                                 0021H    0001H
  +--> ?PR?_DELAY1MS?DELAY1MS

?PR?_LCD_SHOWNUM?LCD1602                    0021H    0005H
BL51 BANKED LINKER/LOCATER V6.22                                                      09/23/2026  22:37:39  PAGE 3


  +--> ?PR?_LCD_SETCURSOR?LCD1602
  +--> ?PR?_LCD_POW?LCD1602
  +--> ?PR?_LCD_WRITEDATA?LCD1602

?PR?_LCD_SETCURSOR?LCD1602                  -----    -----
  +--> ?PR?_LCD_WRITECOMMAND?LCD1602

?PR?_LCD_POW?LCD1602                        0026H    0004H

?PR?_LCD_WRITEDATA?LCD1602                  -----    -----
  +--> ?PR?LCD_DELAY?LCD1602



SYMBOL TABLE OF MODULE:  .\Objects\project (MAIN)

  VALUE           TYPE          NAME
  ----------------------------------

  -------         MODULE        MAIN
  C:0000H         SYMBOL        _ICE_DUMMY_
  C:03E4H         PUBLIC        Timer0_Routine
  B:00A0H.3       PUBLIC        yellowyou
  B:00A0H.0       PUBLIC        yellowzuo
  B:0090H.3       PUBLIC        redxia
  D:0090H         PUBLIC        P1
  D:00A0H         PUBLIC        P2
  D:000AH         PUBLIC        T0BeePflat
  D:000BH         PUBLIC        LEDshuzi
  B:00A0H.1       PUBLIC        redyou
  B:0090H.6       PUBLIC        redzuo
  D:000CH         PUBLIC        about
  C:0311H         PUBLIC        main
  B:0090H.1       PUBLIC        greenshang
  B:0090H.2       PUBLIC        yellowshang
  D:000DH         PUBLIC        mumu
  D:008CH         PUBLIC        TH0
  D:000FH         PUBLIC        urgentshuzi
  D:008AH         PUBLIC        TL0
  B:0090H.0       PUBLIC        redshang
  B:0090H.4       PUBLIC        greenxia
  D:0011H         PUBLIC        KeyNum
  D:0012H         PUBLIC        T0BeeP
  B:0090H.5       PUBLIC        yellowxia
  D:0014H         PUBLIC        signshuzi
  B:00A0H.2       PUBLIC        greenyou
  B:0090H.7       PUBLIC        greenzuo
  B:00A0H.5       PUBLIC        Beep
  -------         PROC          MAIN
  C:0311H         LINE#         42
  C:0311H         LINE#         43
  C:0313H         LINE#         44
  C:031AH         LINE#         45
  C:031CH         LINE#         46
  C:0323H         LINE#         48
  C:0326H         LINE#         49
  C:0329H         LINE#         50
BL51 BANKED LINKER/LOCATER V6.22                                                      09/23/2026  22:37:39  PAGE 4


  C:032CH         LINE#         51
  C:032CH         LINE#         52
  C:032CH         LINE#         53
  C:0331H         LINE#         54
  C:0340H         LINE#         88
  C:0346H         LINE#         89
  C:0346H         LINE#         90
  C:034DH         LINE#         91
  C:034DH         LINE#         92
  C:034FH         LINE#         93
  C:0351H         LINE#         94
  C:0353H         LINE#         95
  C:0355H         LINE#         96
  C:0357H         LINE#         97
  C:0359H         LINE#         98
  C:035BH         LINE#         99
  C:035DH         LINE#         100
  C:035FH         LINE#         101
  C:0361H         LINE#         102
  C:0363H         LINE#         103
  C:0365H         LINE#         104
  C:0365H         LINE#         105
  C:0372H         LINE#         106
  C:0372H         LINE#         107
  C:0374H         LINE#         108
  C:0376H         LINE#         109
  C:0378H         LINE#         110
  C:037AH         LINE#         111
  C:037CH         LINE#         112
  C:037EH         LINE#         113
  C:0380H         LINE#         114
  C:0382H         LINE#         115
  C:0384H         LINE#         116
  C:0386H         LINE#         117
  C:0388H         LINE#         118
  C:038AH         LINE#         120
  C:038AH         LINE#         121
  C:0397H         LINE#         122
  C:0397H         LINE#         123
  C:0399H         LINE#         124
  C:039BH         LINE#         125
  C:039DH         LINE#         126
  C:039FH         LINE#         127
  C:03A1H         LINE#         128
  C:03A3H         LINE#         129
  C:03A5H         LINE#         130
  C:03A7H         LINE#         131
  C:03A9H         LINE#         132
  C:03ABH         LINE#         133
  C:03ADH         LINE#         134
  C:03AFH         LINE#         135
  C:03AFH         LINE#         136
  C:03BCH         LINE#         137
  C:03BCH         LINE#         138
  C:03BEH         LINE#         139
  C:03C0H         LINE#         140
  C:03C2H         LINE#         141
BL51 BANKED LINKER/LOCATER V6.22                                                      09/23/2026  22:37:39  PAGE 5


  C:03C4H         LINE#         142
  C:03C6H         LINE#         143
  C:03C8H         LINE#         144
  C:03CAH         LINE#         145
  C:03CCH         LINE#         146
  C:03CEH         LINE#         147
  C:03D0H         LINE#         148
  C:03D2H         LINE#         149
  C:03D4H         LINE#         151
  C:03D4H         LINE#         152
  C:03DEH         LINE#         153
  C:03DEH         LINE#         154
  C:03E1H         LINE#         155
  C:03E1H         LINE#         156
  C:03E1H         LINE#         159
  -------         ENDPROC       MAIN
  -------         PROC          TIMER0_ROUTINE
  -------         DO            
  D:0008H         SYMBOL        T0Count
  -------         ENDDO         
  C:03E4H         LINE#         162
  C:03E8H         LINE#         166
  C:03EBH         LINE#         167
  C:03EEH         LINE#         168
  C:03F6H         LINE#         169
  C:03FEH         LINE#         170
  C:0407H         LINE#         171
  C:0407H         LINE#         172
  C:040AH         LINE#         173
  C:0410H         LINE#         174
  C:0410H         LINE#         176
  C:041BH         LINE#         177
  C:041BH         LINE#         182
  C:0425H         LINE#         183
  C:0425H         LINE#         184
  C:0427H         LINE#         185
  C:0429H         LINE#         187
  C:042DH         LINE#         189
  C:042DH         LINE#         190
  C:0433H         LINE#         191
  C:0433H         LINE#         192
  C:0438H         LINE#         193
  C:0438H         LINE#         194
  C:043BH         LINE#         195
  C:043BH         LINE#         196
  C:0440H         LINE#         197
  C:0440H         LINE#         198
  C:0443H         LINE#         199
  C:0443H         LINE#         200
  C:0448H         LINE#         201
  C:0448H         LINE#         202
  C:044BH         LINE#         203
  C:044BH         LINE#         204
  C:0450H         LINE#         205
  C:0450H         LINE#         206
  C:0453H         LINE#         207
  C:0453H         LINE#         236
BL51 BANKED LINKER/LOCATER V6.22                                                      09/23/2026  22:37:39  PAGE 6


  C:0461H         LINE#         237
  C:0461H         LINE#         238
  C:0464H         LINE#         239
  C:046AH         LINE#         240
  C:0472H         LINE#         242
  C:047BH         LINE#         243
  C:047BH         LINE#         245
  C:0481H         LINE#         246
  C:0487H         LINE#         247
  C:048AH         LINE#         248
  C:048AH         LINE#         249
  C:0492H         LINE#         250
  C:0492H         LINE#         251
  C:0494H         LINE#         252
  C:0496H         LINE#         253
  C:0498H         LINE#         254
  C:049AH         LINE#         255
  C:049CH         LINE#         256
  C:049EH         LINE#         257
  C:04A0H         LINE#         258
  C:04A2H         LINE#         259
  C:04A4H         LINE#         260
  C:04A6H         LINE#         261
  C:04A8H         LINE#         262
  C:04AAH         LINE#         263
  C:04AEH         LINE#         264
  C:04AEH         LINE#         265
  C:04B0H         LINE#         266
  C:04B0H         LINE#         267
  C:04B0H         LINE#         268
  C:04B0H         LINE#         272
  -------         ENDPROC       TIMER0_ROUTINE
  -------         ENDMOD        MAIN

  -------         MODULE        DELAY1MS
  C:0000H         SYMBOL        _ICE_DUMMY_
  C:0A15H         PUBLIC        _Delay1ms
  -------         PROC          _DELAY1MS
  D:0006H         SYMBOL        xms
  -------         DO            
  D:0005H         SYMBOL        i
  D:0004H         SYMBOL        j
  -------         ENDDO         
  C:0A15H         LINE#         3
  C:0A15H         LINE#         4
  C:0A15H         LINE#         6
  C:0A19H         LINE#         7
  C:0A19H         LINE#         8
  C:0A1AH         LINE#         9
  C:0A1CH         LINE#         10
  C:0A1EH         LINE#         12
  C:0A1EH         LINE#         13
  C:0A20H         LINE#         14
  C:0A22H         LINE#         15
  C:0A27H         LINE#         16
  C:0A29H         LINE#         17
  -------         ENDPROC       _DELAY1MS
BL51 BANKED LINKER/LOCATER V6.22                                                      09/23/2026  22:37:39  PAGE 7


  -------         ENDMOD        DELAY1MS

  -------         MODULE        DS1302
  C:0000H         SYMBOL        _ICE_DUMMY_
  C:0197H         PUBLIC        DS1302_SetTime
  D:00B0H         PUBLIC        P3
  B:00B0H.5       PUBLIC        DS1302_CE
  C:056BH         PUBLIC        DS1302_ReadTime
  D:002AH         PUBLIC        DS1302_Time
  C:07AEH         PUBLIC        _DS1302_ReadByte
  C:0A61H         PUBLIC        DS1302_Init
  B:00B0H.4       PUBLIC        DS1302_IO
  C:0757H         PUBLIC        _DS1302_WriteByte
  B:00B0H.6       PUBLIC        DS1302_SCLK
  -------         PROC          DS1302_INIT
  C:0A61H         LINE#         19
  C:0A61H         LINE#         20
  C:0A61H         LINE#         21
  C:0A63H         LINE#         22
  C:0A65H         LINE#         23
  -------         ENDPROC       DS1302_INIT
  -------         PROC          L?0027
  -------         ENDPROC       L?0027
  -------         PROC          _DS1302_WRITEBYTE
  D:0003H         SYMBOL        Command
  D:0045H         SYMBOL        Data
  -------         DO            
  D:0005H         SYMBOL        i
  -------         ENDDO         
  C:0757H         LINE#         26
  C:075DH         LINE#         27
  C:075DH         LINE#         29
  C:075FH         LINE#         30
  C:0761H         LINE#         31
  C:0761H         LINE#         32
  C:077CH         LINE#         33
  C:077EH         LINE#         34
  C:0780H         LINE#         35
  C:0784H         LINE#         36
  C:0786H         LINE#         37
  C:0786H         LINE#         38
  C:07A3H         LINE#         39
  C:07A5H         LINE#         40
  C:07A7H         LINE#         41
  C:07ABH         LINE#         42
  C:07ADH         LINE#         43
  -------         ENDPROC       _DS1302_WRITEBYTE
  -------         PROC          _DS1302_READBYTE
  D:0005H         SYMBOL        Command
  -------         DO            
  D:0003H         SYMBOL        i
  D:0001H         SYMBOL        Data
  -------         ENDDO         
  C:07AEH         LINE#         46
  C:07B0H         LINE#         47
  C:07B0H         LINE#         48
  C:07B2H         LINE#         49
BL51 BANKED LINKER/LOCATER V6.22                                                      09/23/2026  22:37:39  PAGE 8


  C:07B5H         LINE#         50
  C:07B7H         LINE#         51
  C:07B8H         LINE#         52
  C:07B8H         LINE#         53
  C:07D3H         LINE#         54
  C:07D5H         LINE#         55
  C:07D7H         LINE#         56
  C:07DBH         LINE#         58
  C:07DDH         LINE#         59
  C:07DDH         LINE#         60
  C:07DFH         LINE#         61
  C:07E1H         LINE#         62
  C:07F1H         LINE#         63
  C:07F5H         LINE#         64
  C:07F7H         LINE#         65
  C:07F9H         LINE#         66
  C:07FBH         LINE#         67
  -------         ENDPROC       _DS1302_READBYTE
  -------         PROC          DS1302_SETTIME
  C:0197H         LINE#         68
  C:0197H         LINE#         69
  C:0197H         LINE#         70
  C:019FH         LINE#         71
  C:01CFH         LINE#         72
  C:01FFH         LINE#         73
  C:0234H         LINE#         74
  C:0269H         LINE#         75
  C:029EH         LINE#         76
  C:02D3H         LINE#         77
  C:0308H         LINE#         78
  -------         ENDPROC       DS1302_SETTIME
  -------         PROC          DS1302_READTIME
  -------         DO            
  D:0007H         SYMBOL        Temp
  -------         ENDDO         
  C:056BH         LINE#         80
  C:056BH         LINE#         81
  C:056BH         LINE#         83
  C:0570H         LINE#         84
  C:057FH         LINE#         85
  C:0584H         LINE#         86
  C:0593H         LINE#         87
  C:0598H         LINE#         88
  C:05A7H         LINE#         89
  C:05ACH         LINE#         90
  C:05BBH         LINE#         91
  C:05C0H         LINE#         92
  C:05CFH         LINE#         93
  C:05D4H         LINE#         94
  C:05E3H         LINE#         95
  C:05E8H         LINE#         96
  C:05F7H         LINE#         97
  -------         ENDPROC       DS1302_READTIME
  -------         ENDMOD        DS1302

  -------         MODULE        KEY
  C:0000H         SYMBOL        _ICE_DUMMY_
BL51 BANKED LINKER/LOCATER V6.22                                                      09/23/2026  22:37:39  PAGE 9


  B:00B0H.0       PUBLIC        P3_0
  B:00B0H.1       PUBLIC        P3_1
  B:00B0H.2       PUBLIC        P3_2
  B:00B0H.3       PUBLIC        P3_3
  C:06F1H         PUBLIC        Key
  -------         PROC          KEY
  -------         DO            
  D:0021H         SYMBOL        KeyNumber
  -------         ENDDO         
  C:06F1H         LINE#         5
  C:06F1H         LINE#         6
  C:06F1H         LINE#         7
  C:06F4H         LINE#         8
  C:070AH         LINE#         9
  C:0721H         LINE#         10
  C:0738H         LINE#         11
  C:074FH         LINE#         12
  C:0751H         LINE#         14
  -------         ENDPROC       KEY
  -------         ENDMOD        KEY

  -------         MODULE        LCD1602
  C:0000H         SYMBOL        _ICE_DUMMY_
  D:0080H         PUBLIC        P0
  D:00A0H         PUBLIC        P2
  C:0A4DH         PUBLIC        _LCD_WriteCommand
  C:099DH         PUBLIC        _LCD_ShowNum
  C:086FH         PUBLIC        _LCD_ShowBinNum
  C:0A44H         PUBLIC        LCD_Delay
  C:0836H         PUBLIC        _LCD_ShowHexNum
  C:0993H         PUBLIC        _LCD_WriteData
  B:00A0H.7       PUBLIC        LCD_EN
  C:0A2AH         PUBLIC        LCD_Init
  C:093AH         PUBLIC        _LCD_ShowString
  C:0A57H         PUBLIC        _LCD_ShowChar
  B:00A0H.6       PUBLIC        LCD_RS
  B:00A0H.5       PUBLIC        LCD_RW
  C:09FFH         PUBLIC        _LCD_SetCursor
  C:07FCH         PUBLIC        _LCD_ShowSignedNum
  C:08E6H         PUBLIC        _LCD_Pow
  -------         PROC          L?0048
  -------         ENDPROC       L?0048
  -------         PROC          LCD_DELAY
  -------         DO            
  D:0007H         SYMBOL        i
  D:0006H         SYMBOL        j
  -------         ENDDO         
  C:0A44H         LINE#         15
  C:0A44H         LINE#         16
  C:0A44H         LINE#         19
  C:0A46H         LINE#         20
  C:0A48H         LINE#         22
  C:0A48H         LINE#         23
  C:0A4AH         LINE#         24
  C:0A4CH         LINE#         25
  -------         ENDPROC       LCD_DELAY
  -------         PROC          _LCD_WRITECOMMAND
BL51 BANKED LINKER/LOCATER V6.22                                                      09/23/2026  22:37:39  PAGE 10


  D:0007H         SYMBOL        Command
  C:0A4DH         LINE#         32
  C:0A4DH         LINE#         33
  C:0A4DH         LINE#         34
  C:0A4FH         LINE#         35
  C:0A4FH         LINE#         36
  C:0A4FH         LINE#         37
  C:0A4FH         LINE#         38
  C:0A52H         LINE#         39
  C:0A54H         LINE#         40
  -------         ENDPROC       _LCD_WRITECOMMAND
  -------         PROC          L?0047
  -------         ENDPROC       L?0047
  -------         PROC          _LCD_WRITEDATA
  D:0007H         SYMBOL        Data
  C:0993H         LINE#         48
  C:0993H         LINE#         49
  C:0993H         LINE#         50
  C:0995H         LINE#         51
  C:0995H         LINE#         52
  C:0995H         LINE#         53
  C:0995H         LINE#         54
  C:0998H         LINE#         55
  C:099AH         LINE#         56
  -------         ENDPROC       _LCD_WRITEDATA
  -------         PROC          _LCD_SETCURSOR
  D:0006H         SYMBOL        Line
  D:0005H         SYMBOL        Column
  C:09FFH         LINE#         65
  C:0A01H         LINE#         66
  C:0A01H         LINE#         67
  C:0A04H         LINE#         68
  C:0A04H         LINE#         69
  C:0A06H         LINE#         70
  C:0A08H         LINE#         71
  C:0A0BH         LINE#         72
  C:0A0BH         LINE#         73
  C:0A14H         LINE#         74
  C:0A14H         LINE#         75
  -------         ENDPROC       _LCD_SETCURSOR
  -------         PROC          LCD_INIT
  C:0A2AH         LINE#         82
  C:0A2AH         LINE#         83
  C:0A2AH         LINE#         84
  C:0A2FH         LINE#         85
  C:0A34H         LINE#         86
  C:0A39H         LINE#         87
  -------         ENDPROC       LCD_INIT
  -------         PROC          _LCD_SHOWCHAR
  D:0006H         SYMBOL        Line
  D:0005H         SYMBOL        Column
  D:0004H         SYMBOL        Char
  C:0A57H         LINE#         97
  C:0A59H         LINE#         98
  C:0A59H         LINE#         99
  C:0A5CH         LINE#         100
  -------         ENDPROC       _LCD_SHOWCHAR
BL51 BANKED LINKER/LOCATER V6.22                                                      09/23/2026  22:37:39  PAGE 11


  -------         PROC          _LCD_SHOWSTRING
  D:0007H         SYMBOL        Line
  D:0005H         SYMBOL        Column
  D:0042H         SYMBOL        String
  -------         DO            
  D:0005H         SYMBOL        i
  -------         ENDDO         
  C:093AH         LINE#         110
  C:0940H         LINE#         111
  C:0940H         LINE#         113
  C:0943H         LINE#         114
  C:0956H         LINE#         115
  C:0956H         LINE#         116
  C:0959H         LINE#         117
  C:095CH         LINE#         118
  -------         ENDPROC       _LCD_SHOWSTRING
  C:08DCH         SYMBOL        L?0046
  -------         PROC          L?0045
  -------         ENDPROC       L?0045
  C:08DCH         SYMBOL        L?0046
  -------         PROC          _LCD_POW
  D:0026H         SYMBOL        X
  D:0028H         SYMBOL        Y
  -------         DO            
  D:0003H         SYMBOL        i
  D:0006H         SYMBOL        Result
  -------         ENDDO         
  C:08E6H         LINE#         123
  C:08EEH         LINE#         124
  C:08EEH         LINE#         126
  C:08F2H         LINE#         127
  C:0902H         LINE#         128
  C:0902H         LINE#         129
  C:0909H         LINE#         130
  C:090CH         LINE#         131
  C:090CH         LINE#         132
  -------         ENDPROC       _LCD_POW
  -------         PROC          _LCD_SHOWNUM
  D:0007H         SYMBOL        Line
  D:0005H         SYMBOL        Column
  D:0023H         SYMBOL        Number
  D:0025H         SYMBOL        Length
  -------         DO            
  D:0002H         SYMBOL        i
  -------         ENDDO         
  C:099DH         LINE#         142
  C:09A1H         LINE#         143
  C:09A1H         LINE#         145
  C:09A4H         LINE#         146
  C:09ACH         LINE#         147
  C:09ACH         LINE#         148
  C:09B6H         LINE#         149
  C:09B9H         LINE#         150
  -------         ENDPROC       _LCD_SHOWNUM
  -------         PROC          _LCD_SHOWSIGNEDNUM
  D:0007H         SYMBOL        Line
  D:0005H         SYMBOL        Column
BL51 BANKED LINKER/LOCATER V6.22                                                      09/23/2026  22:37:39  PAGE 12


  D:0002H         SYMBOL        Number
  D:0035H         SYMBOL        Length
  -------         DO            
  D:0002H         SYMBOL        i
  D:0036H         SYMBOL        Number1
  -------         ENDDO         
  C:07FCH         LINE#         160
  C:07FCH         LINE#         161
  C:07FCH         LINE#         164
  C:07FFH         LINE#         165
  C:0807H         LINE#         166
  C:0807H         LINE#         167
  C:080CH         LINE#         168
  C:0810H         LINE#         169
  C:0812H         LINE#         171
  C:0812H         LINE#         172
  C:0817H         LINE#         173
  C:0820H         LINE#         174
  C:0820H         LINE#         175
  C:0828H         LINE#         176
  C:0828H         LINE#         177
  C:0832H         LINE#         178
  C:0835H         LINE#         179
  -------         ENDPROC       _LCD_SHOWSIGNEDNUM
  -------         PROC          _LCD_SHOWHEXNUM
  D:0007H         SYMBOL        Line
  D:0005H         SYMBOL        Column
  D:003AH         SYMBOL        Number
  D:003CH         SYMBOL        Length
  -------         DO            
  D:0002H         SYMBOL        i
  D:0006H         SYMBOL        SingleNumber
  -------         ENDDO         
  C:0836H         LINE#         189
  C:083AH         LINE#         190
  C:083AH         LINE#         192
  C:083DH         LINE#         193
  C:0845H         LINE#         194
  C:0845H         LINE#         195
  C:085BH         LINE#         196
  C:0861H         LINE#         197
  C:0861H         LINE#         198
  C:0863H         LINE#         199
  C:0865H         LINE#         201
  C:0865H         LINE#         202
  C:086BH         LINE#         203
  C:086BH         LINE#         204
  C:086EH         LINE#         205
  -------         ENDPROC       _LCD_SHOWHEXNUM
  -------         PROC          _LCD_SHOWBINNUM
  D:0007H         SYMBOL        Line
  D:0005H         SYMBOL        Column
  D:003FH         SYMBOL        Number
  D:0041H         SYMBOL        Length
  -------         DO            
  D:0002H         SYMBOL        i
  -------         ENDDO         
BL51 BANKED LINKER/LOCATER V6.22                                                      09/23/2026  22:37:39  PAGE 13


  C:086FH         LINE#         215
  C:0873H         LINE#         216
  C:0873H         LINE#         218
  C:0876H         LINE#         219
  C:087EH         LINE#         220
  C:087EH         LINE#         221
  C:08A3H         LINE#         222
  C:08A6H         LINE#         223
  -------         ENDPROC       _LCD_SHOWBINNUM
  -------         ENDMOD        LCD1602

  -------         MODULE        MATRIXKEY
  C:0000H         SYMBOL        _ICE_DUMMY_
  D:0090H         PUBLIC        P1
  B:0090H.0       PUBLIC        P1_0
  B:0090H.1       PUBLIC        P1_1
  B:0090H.2       PUBLIC        P1_2
  B:0090H.3       PUBLIC        P1_3
  B:0090H.4       PUBLIC        P1_4
  B:0090H.5       PUBLIC        P1_5
  B:0090H.6       PUBLIC        P1_6
  B:0090H.7       PUBLIC        P1_7
  C:000EH         PUBLIC        MatrixKey
  -------         PROC          MATRIXKEY
  -------         DO            
  D:0047H         SYMBOL        KeyNumber
  -------         ENDDO         
  C:000EH         LINE#         10
  C:000EH         LINE#         11
  C:000EH         LINE#         12
  C:0011H         LINE#         14
  C:0014H         LINE#         15
  C:0016H         LINE#         16
  C:002CH         LINE#         17
  C:0043H         LINE#         18
  C:005AH         LINE#         19
  C:0071H         LINE#         21
  C:0074H         LINE#         22
  C:0076H         LINE#         23
  C:008DH         LINE#         24
  C:00A4H         LINE#         25
  C:00BBH         LINE#         26
  C:00D2H         LINE#         28
  C:00D5H         LINE#         29
  C:00D7H         LINE#         30
  C:00EEH         LINE#         31
  C:0105H         LINE#         32
  C:011CH         LINE#         33
  C:0133H         LINE#         35
  C:0136H         LINE#         36
  C:0138H         LINE#         37
  C:014FH         LINE#         38
  C:0166H         LINE#         39
  C:017DH         LINE#         40
  C:0194H         LINE#         42
  C:0196H         LINE#         43
  -------         ENDPROC       MATRIXKEY
BL51 BANKED LINKER/LOCATER V6.22                                                      09/23/2026  22:37:39  PAGE 14


  -------         ENDMOD        MATRIXKEY

  -------         MODULE        MATRIXLED
  C:0000H         SYMBOL        _ICE_DUMMY_
  D:0080H         PUBLIC        P0
  C:090DH         PUBLIC        __74HC595_WriteByte
  D:00B0H         PUBLIC        P3
  C:095DH         PUBLIC        _MatrixLED_ShowColumn
  C:0A66H         PUBLIC        MstrixLED_Init
  B:00B0H.5       PUBLIC        RCK
  B:00B0H.6       PUBLIC        SCK
  B:00B0H.4       PUBLIC        SER
  -------         PROC          __74HC595_WRITEBYTE
  D:0005H         SYMBOL        Byte
  -------         DO            
  D:0003H         SYMBOL        i
  -------         ENDDO         
  C:090DH         LINE#         14
  C:090FH         LINE#         15
  C:090FH         LINE#         17
  C:0911H         LINE#         18
  C:0911H         LINE#         19
  C:092DH         LINE#         20
  C:092FH         LINE#         21
  C:0931H         LINE#         22
  C:0935H         LINE#         23
  C:0937H         LINE#         24
  C:0939H         LINE#         25
  -------         ENDPROC       __74HC595_WRITEBYTE
  -------         PROC          MSTRIXLED_INIT
  C:0A66H         LINE#         26
  C:0A66H         LINE#         27
  C:0A66H         LINE#         28
  C:0A68H         LINE#         29
  C:0A6AH         LINE#         30
  -------         ENDPROC       MSTRIXLED_INIT
  -------         PROC          _MATRIXLED_SHOWCOLUMN
  D:0002H         SYMBOL        Column
  D:0004H         SYMBOL        Data
  C:095DH         LINE#         39
  C:095FH         LINE#         40
  C:095FH         LINE#         41
  C:0964H         LINE#         42
  C:0974H         LINE#         43
  C:097BH         LINE#         44
  C:097EH         LINE#         45
  -------         ENDPROC       _MATRIXLED_SHOWCOLUMN
  -------         ENDMOD        MATRIXLED

  -------         MODULE        NIXIE
  C:0000H         SYMBOL        _ICE_DUMMY_
  C:0684H         PUBLIC        _Nixie
  D:0080H         PUBLIC        P0
  B:00A0H.2       PUBLIC        P2_2
  B:00A0H.3       PUBLIC        P2_3
  B:00A0H.4       PUBLIC        P2_4
  D:0015H         PUBLIC        NixieTable
BL51 BANKED LINKER/LOCATER V6.22                                                      09/23/2026  22:37:39  PAGE 15


  -------         PROC          _NIXIE
  D:0007H         SYMBOL        Location
  D:0004H         SYMBOL        Number
  C:0684H         LINE#         8
  C:0684H         LINE#         9
  C:0684H         LINE#         10
  C:06B1H         LINE#         11
  C:06B1H         LINE#         12
  C:06B5H         LINE#         13
  C:06B9H         LINE#         14
  C:06BDH         LINE#         15
  C:06C1H         LINE#         16
  C:06C9H         LINE#         17
  C:06D1H         LINE#         18
  C:06D9H         LINE#         19
  C:06DFH         LINE#         20
  C:06DFH         LINE#         21
  C:06E6H         LINE#         22
  C:06EDH         LINE#         23
  C:06F0H         LINE#         24
  -------         ENDPROC       _NIXIE
  -------         ENDMOD        NIXIE

  -------         MODULE        TIMER0
  C:0000H         SYMBOL        _ICE_DUMMY_
  B:00A8H.7       PUBLIC        EA
  D:0089H         PUBLIC        TMOD
  B:00A8H.1       PUBLIC        ET0
  B:0088H.5       PUBLIC        TF0
  C:09BAH         PUBLIC        Timer0Init
  D:008CH         PUBLIC        TH0
  D:008AH         PUBLIC        TL0
  B:00B8H.1       PUBLIC        PT0
  B:0088H.4       PUBLIC        TR0
  -------         PROC          TIMER0INIT
  C:09BAH         LINE#         4
  C:09BAH         LINE#         5
  C:09BAH         LINE#         7
  C:09BDH         LINE#         8
  C:09C0H         LINE#         9
  C:09C3H         LINE#         10
  C:09C6H         LINE#         11
  C:09C8H         LINE#         12
  C:09CAH         LINE#         13
  C:09CCH         LINE#         14
  C:09CEH         LINE#         15
  C:09D0H         LINE#         16
  -------         ENDPROC       TIMER0INIT
  -------         ENDMOD        TIMER0

  -------         MODULE        UART
  C:0000H         SYMBOL        _ICE_DUMMY_
  B:0098H.1       PUBLIC        TI
  D:0099H         PUBLIC        SBUF
  D:0087H         PUBLIC        PCON
  C:09D1H         PUBLIC        UART_Init
  D:0098H         PUBLIC        SCON
BL51 BANKED LINKER/LOCATER V6.22                                                      09/23/2026  22:37:39  PAGE 16


  D:0089H         PUBLIC        TMOD
  C:0003H         PUBLIC        _UART_SendByte
  B:00A8H.3       PUBLIC        ET1
  D:008DH         PUBLIC        TH1
  D:008BH         PUBLIC        TL1
  B:0088H.6       PUBLIC        TR1
  -------         PROC          UART_INIT
  C:09D1H         LINE#         8
  C:09D1H         LINE#         9
  C:09D1H         LINE#         10
  C:09D4H         LINE#         11
  C:09D7H         LINE#         12
  C:09DAH         LINE#         13
  C:09DDH         LINE#         14
  C:09E0H         LINE#         15
  C:09E3H         LINE#         16
  C:09E5H         LINE#         17
  C:09E7H         LINE#         18
  -------         ENDPROC       UART_INIT
  -------         PROC          _UART_SENDBYTE
  D:0007H         SYMBOL        Byte
  C:0003H         LINE#         25
  C:0003H         LINE#         26
  C:0003H         LINE#         27
  C:0005H         LINE#         28
  C:0008H         LINE#         29
  C:000AH         LINE#         30
  -------         ENDPROC       _UART_SENDBYTE
  -------         ENDMOD        UART

  -------         MODULE        TIMER1
  C:0000H         SYMBOL        _ICE_DUMMY_
  B:00A8H.7       PUBLIC        EA
  D:0089H         PUBLIC        TMOD
  B:00A8H.3       PUBLIC        ET1
  B:0088H.7       PUBLIC        TF1
  C:09E8H         PUBLIC        Timer1Init
  D:008DH         PUBLIC        TH1
  D:008BH         PUBLIC        TL1
  B:00B8H.3       PUBLIC        PT1
  B:0088H.6       PUBLIC        TR1
  -------         PROC          TIMER1INIT
  C:09E8H         LINE#         4
  C:09E8H         LINE#         5
  C:09E8H         LINE#         6
  C:09EBH         LINE#         7
  C:09EEH         LINE#         8
  C:09F1H         LINE#         9
  C:09F4H         LINE#         10
  C:09F6H         LINE#         11
  C:09F8H         LINE#         12
  C:09FAH         LINE#         13
  C:09FCH         LINE#         14
  C:09FEH         LINE#         15
  -------         ENDPROC       TIMER1INIT
  -------         ENDMOD        TIMER1

BL51 BANKED LINKER/LOCATER V6.22                                                      09/23/2026  22:37:39  PAGE 17


  -------         MODULE        ?C?SCDIV
  C:04B5H         PUBLIC        ?C?SCDIV
  -------         ENDMOD        ?C?SCDIV

  -------         MODULE        ?C?CLDOPTR
  C:04D7H         PUBLIC        ?C?CLDOPTR
  -------         ENDMOD        ?C?CLDOPTR

  -------         MODULE        ?C?IMUL
  C:0504H         PUBLIC        ?C?IMUL
  -------         ENDMOD        ?C?IMUL

  -------         MODULE        ?C?UIDIV
  C:0516H         PUBLIC        ?C?UIDIV
  -------         ENDMOD        ?C?UIDIV

*** WARNING L16: UNCALLED SEGMENT, IGNORED FOR OVERLAY PROCESS
    SEGMENT: ?PR?DS1302_INIT?DS1302

*** WARNING L16: UNCALLED SEGMENT, IGNORED FOR OVERLAY PROCESS
    SEGMENT: ?PR?DS1302_SETTIME?DS1302

*** WARNING L16: UNCALLED SEGMENT, IGNORED FOR OVERLAY PROCESS
    SEGMENT: ?PR?DS1302_READTIME?DS1302

*** WARNING L16: UNCALLED SEGMENT, IGNORED FOR OVERLAY PROCESS
    SEGMENT: ?PR?_LCD_SHOWCHAR?LCD1602

*** WARNING L16: UNCALLED SEGMENT, IGNORED FOR OVERLAY PROCESS
    SEGMENT: ?PR?_LCD_SHOWSTRING?LCD1602

*** WARNING L16: UNCALLED SEGMENT, IGNORED FOR OVERLAY PROCESS
    SEGMENT: ?PR?_LCD_SHOWSIGNEDNUM?LCD1602

*** WARNING L16: UNCALLED SEGMENT, IGNORED FOR OVERLAY PROCESS
    SEGMENT: ?PR?_LCD_SHOWHEXNUM?LCD1602

*** WARNING L16: UNCALLED SEGMENT, IGNORED FOR OVERLAY PROCESS
    SEGMENT: ?PR?_LCD_SHOWBINNUM?LCD1602

*** WARNING L16: UNCALLED SEGMENT, IGNORED FOR OVERLAY PROCESS
    SEGMENT: ?PR?MATRIXKEY?MATRIXKEY

*** WARNING L16: UNCALLED SEGMENT, IGNORED FOR OVERLAY PROCESS
    SEGMENT: ?PR?MSTRIXLED_INIT?MATRIXLED

*** WARNING L16: UNCALLED SEGMENT, IGNORED FOR OVERLAY PROCESS
    SEGMENT: ?PR?_MATRIXLED_SHOWCOLUMN?MATRIXLED

*** WARNING L16: UNCALLED SEGMENT, IGNORED FOR OVERLAY PROCESS
    SEGMENT: ?PR?_NIXIE?NIXIE

*** WARNING L16: UNCALLED SEGMENT, IGNORED FOR OVERLAY PROCESS
    SEGMENT: ?PR?UART_INIT?UART

*** WARNING L16: UNCALLED SEGMENT, IGNORED FOR OVERLAY PROCESS
    SEGMENT: ?PR?_UART_SENDBYTE?UART
BL51 BANKED LINKER/LOCATER V6.22                                                      09/23/2026  22:37:39  PAGE 18



*** WARNING L16: UNCALLED SEGMENT, IGNORED FOR OVERLAY PROCESS
    SEGMENT: ?PR?TIMER1INIT?TIMER1

Program Size: data=73.0 xdata=0 code=2667
LINK/LOCATE RUN COMPLETE.  15 WARNING(S),  0 ERROR(S)
