C51 COMPILER V9.54   TIMER0                                                                09/17/2026 15:33:00 PAGE 1   


C51 COMPILER V9.54, COMPILATION OF MODULE TIMER0
OBJECT MODULE PLACED IN .\Objects\Timer0.obj
COMPILER INVOKED BY: C:\Keil_v5\C51\BIN\C51.EXE Timer0.c OPTIMIZE(8,SPEED) BROWSE DEBUG OBJECTEXTEND PRINT(.\Listings\Ti
                    -mer0.lst) TABS(2) OBJECT(.\Objects\Timer0.obj)

line level    source

   1          #include <REGX52.H>
   2          #include "intrins.h"
   3          
   4          void Timer0Init()   
   5          {
   6   1          
   7   1        TMOD &= 0xF0;
   8   1        TMOD |= 0x01;     
   9   1        TL0 = 0x66;     
  10   1        TH0 = 0xFC;       
  11   1        TF0 = 0;
  12   1        TR0 = 1;        
  13   1        ET0=1;
  14   1        EA=1;
  15   1        PT0=0;
  16   1      }
  17          //void Timer0_Routine() interrupt 1
  18          // {
  19          //    static unsigned int T0Count;
  20          //   TL0 = 0x66;      
  21          //   TH0 = 0xFC;
  22          //   T0Count++;
  23          //   
  24          //   if(T0Count>=1000)
  25          //   {
  26          //      P2_1=~P2_1;
  27          //     T0Count=0;
  28          //   }
  29          //   
  30          //  
  31          // }
  32           


MODULE INFORMATION:   STATIC OVERLAYABLE
   CODE SIZE        =     23    ----
   CONSTANT SIZE    =   ----    ----
   XDATA SIZE       =   ----    ----
   PDATA SIZE       =   ----    ----
   DATA SIZE        =   ----    ----
   IDATA SIZE       =   ----    ----
   BIT SIZE         =   ----    ----
END OF MODULE INFORMATION.


C51 COMPILATION COMPLETE.  0 WARNING(S),  0 ERROR(S)
