C51 COMPILER V9.54   TIMER1                                                                09/23/2026 22:31:22 PAGE 1   


C51 COMPILER V9.54, COMPILATION OF MODULE TIMER1
OBJECT MODULE PLACED IN .\Objects\Timer1.obj
COMPILER INVOKED BY: C:\Keil_v5\C51\BIN\C51.EXE Timer1.c OPTIMIZE(8,SPEED) BROWSE DEBUG OBJECTEXTEND PRINT(.\Listings\Ti
                    -mer1.lst) TABS(2) OBJECT(.\Objects\Timer1.obj)

line level    source

   1          #include <REGX52.H>
   2          #include "intrins.h"
   3          
   4          void Timer1Init()
   5          {
   6   1          TMOD &= 0x0F;   
   7   1          TMOD |= 0x10;   
   8   1          TL1 = 0x66;     
   9   1          TH1 = 0xFC;     
  10   1          TF1 = 0;        
  11   1          TR1 = 1;       
  12   1          ET1 = 1;        
  13   1          EA = 1;       
  14   1          PT1 = 0;        
  15   1      }


MODULE INFORMATION:   STATIC OVERLAYABLE
   CODE SIZE        =     23    ----
   CONSTANT SIZE    =   ----    ----
   XDATA SIZE       =   ----    ----
   PDATA SIZE       =   ----    ----
   DATA SIZE        =   ----    ----
   IDATA SIZE       =   ----    ----
   BIT SIZE         =   ----    ----
END OF MODULE INFORMATION.


C51 COMPILATION COMPLETE.  0 WARNING(S),  0 ERROR(S)
